chrM 5 I
  13136
chrM 199 D
  16339
chrM 199 I
chrM 3106 D
  20881
  7324
chrM 6110 D
  6991
chrM 16568 I
  4511
