##fileformat=VCFv4.1
##comment="ARGS=-f 0.2"
##fileDate=20131028
##source=Dan
##reference=file:///galaxy/data/Homo_sapiens_nuHg19_mtrCRS/sam_index/Homo_sapiens_nuHg19_mtrCRS.fa
##INFO=<ID=AC,Number=A,Type=Integer,Description="Allele count in genotypes, for each ALT allele, in the same order as listed">
##INFO=<ID=AF,Number=A,Type=Float,Description="Allele Frequency, for each ALT allele, in the same order as listed">
##FORMAT=<ID=GT,Number=1,Type=String,Description="Genotype">
##FORMAT=<ID=AC,Number=.,Type=Integer,Description="Allele count in genotypes, for each ALT allele, in the same order as listed">
##FORMAT=<ID=AF,Number=.,Type=Float,Description="Allele Frequency, for each ALT allele, in the same order as listed">
##FORMAT=<ID=NC,Number=.,Type=String,Description="Nucleotide and indel counts">
#CHROM	POS	ID	REF	ALT	QUAL	FILTER	INFO	FORMAT	R19S5
chrM	1	.	G	G	.	.	AC=;AF=	GT:AC:AF:NC	0/0:::+G=1994,-G=1260,
chrM	2	.	AT	A,AT	.	.	AC=10,6;AF=0.00305903946161,0.00183542367697	GT:AC:AF:NC	0/0:10,6:0.00305903946161,0.00183542367697:+A=2009,+G=3,-A=1244,-d1=10,-G=3,
chrM	3	.	T	C,T	.	.	AC=8,1;AF=0.00242057488654,0.000302571860817	GT:AC:AF:NC	0/0:8,1:0.00242057488654,0.000302571860817:+C=4,+T=2046,-C=4,-T=1250,-TA=1,
chrM	4	.	CAC	CAC	.	.	AC=4,4,1;AF=0.00121322414316,0.00121322414316,0.00030330603579	GT:AC:AF:NC	0/0:4,4,1:0.00121322414316,0.00121322414316,0.00030330603579:+C=2037,-A=4,-d2=4,-CAG=1,-C=1251,
chrM	5	.	A	A	.	.	AC=6,5;AF=0.00182926829268,0.0015243902439	GT:AC:AF:NC	0/0:6,5:0.00182926829268,0.0015243902439:+A=2057,+G=4,-A=1212,-G=1,-AG=6,
chrM	6	.	C	G,C	.	.	AC=21;AF=0.00606410626624	GT:AC:AF:NC	0/0:21:0.00606410626624:+C=2078,-C=1364,-G=21,
chrM	7	.	AG	AGG,AG	.	.	AC=18,4,2;AF=0.00516795865633,0.00114843525696,0.000574217628481	GT:AC:AF:NC	0/0:18,4,2:0.00516795865633,0.00114843525696,0.000574217628481:+A=2089,+G=2,-A=1370,-d1=4,-AG=18,
chrM	8	.	GGTCT	TGTCT,GCT,GGTCT	.	.	AC=24,8,4,3;AF=0.00691244239631,0.00230414746544,0.00115207373272,0.000864055299539	GT:AC:AF:NC	0/0:24,8,4,3:0.00691244239631,0.00230414746544,0.00115207373272,0.000864055299539:+G=2128,-G=1305,-d2=8,-d4=4,-T=24,-GA=3,
chrM	9	.	G	G	.	.	AC=;AF=	GT:AC:AF:NC	0/0:::+G=2177,-G=1367,
chrM	10	.	T	C,T	.	.	AC=13,2;AF=0.00371640937679,0.000571755288736	GT:AC:AF:NC	0/0:13,2:0.00371640937679,0.000571755288736:+C=8,+T=2084,-A=2,-C=5,-T=1399,
chrM	11	.	C	G,C	.	.	AC=22,3,1;AF=0.00625889046942,0.000853485064011,0.000284495021337	GT:AC:AF:NC	0/0:22,3,1:0.00625889046942,0.000853485064011,0.000284495021337:+C=2191,+T=2,-A=1,-C=1298,-T=1,-G=22,
chrM	12	.	T	C,T	.	.	AC=11,3;AF=0.00307778399552,0.000839395635143	GT:AC:AF:NC	0/0:11,3:0.00307778399552,0.000839395635143:+C=7,+T=2206,-A=3,-C=4,-T=1354,
chrM	13	.	A	G,A	.	.	AC=8;AF=0.00225035161744	GT:AC:AF:NC	0/0:8:0.00225035161744:+A=2231,+G=3,-A=1316,-G=5,
chrM	14	.	TC	TAAGAC,TC	.	.	AC=8,7,6,4,2,1,1,1;AF=0.00226180378852,0.00197907831496,0.00169635284139,0.00113090189426,0.00056545094713,0.000282725473565,0.000282725473565,0.000282725473565	GT:AC:AF:NC	0/0:8,7,6,4,2,1,1,1:0.00226180378852,0.00197907831496,0.00169635284139,0.00113090189426,0.00056545094713,0.000282725473565,0.000282725473565,0.000282725473565:+C=5,+T=2243,-A=2,-d1=4,-C=2,-TAAGAGA=6,-TAAGA=8,-T=1264,-TAA=1,-TAAGATA=1,-TAGA=1,
chrM	15	.	C	G,C	.	.	AC=9,5;AF=0.0026674570243,0.00148192056906	GT:AC:AF:NC	0/0:9,5:0.0026674570243,0.00148192056906:+C=2240,-A=5,-C=1120,-G=9,
chrM	16	.	ACCCT	AGCCCT,GCCCT,ACCCT	.	.	AC=25,8,2,2,2,2,1;AF=0.00823994726434,0.00263678312459,0.000659195781147,0.000659195781147,0.000659195781147,0.000659195781147,0.000329597890574	GT:AC:AF:NC	0/0:25,8,2,2,2,2,1:0.00823994726434,0.00263678312459,0.000659195781147,0.000659195781147,0.000659195781147,0.000659195781147,0.000329597890574:+A=2247,+d1=1,+AC=1,+G=4,-A=745,-d1=1,-C=2,-d4=1,-G=4,-AG=25,-AC=1,-AGAG=2,
chrM	17	.	C	CA,C	.	.	AC=8,7,4,2;AF=0.00208387600938,0.00182339150821,0.00104193800469,0.000520969002344	GT:AC:AF:NC	0/0:8,7,4,2:0.00208387600938,0.00182339150821,0.00104193800469,0.000520969002344:+C=2318,+T=1,-A=7,-C=1500,-CA=8,-G=4,-T=1,
chrM	18	.	C	G,C	.	.	AC=9,2,1;AF=0.00232438016529,0.00051652892562,0.00025826446281	GT:AC:AF:NC	0/0:9,2,1:0.00232438016529,0.00051652892562,0.00025826446281:+C=2329,-A=2,-C=1531,-T=1,-G=9,
chrM	19	.	CT	CT	.	.	AC=5,3,1,1;AF=0.00126582278481,0.000759493670886,0.000253164556962,0.000253164556962	GT:AC:AF:NC	0/0:5,3,1,1:0.00126582278481,0.000759493670886,0.000253164556962,0.000253164556962:+C=2386,+T=1,-A=5,-d1=3,-C=1554,-G=1,
chrM	20	.	T	G,T	.	.	AC=8,3;AF=0.00204446716075,0.00076667518528	GT:AC:AF:NC	0/0:8,3:0.00204446716075,0.00076667518528:+C=2,+T=2391,-C=1,-T=1511,-G=8,
chrM	21	.	AT	A,AT	.	.	AC=16,1;AF=0.00405165864776,0.000253228665485	GT:AC:AF:NC	0/0:16,1:0.00405165864776,0.000253228665485:+A=2416,+C=1,-A=1516,-d1=16,
chrM	22	.	T	T	.	.	AC=3,2,2;AF=0.000763941940413,0.000509294626942,0.000509294626942	GT:AC:AF:NC	0/0:3,2,2:0.000763941940413,0.000509294626942,0.000509294626942:+A=1,+C=1,+T=2434,-A=1,-C=2,-T=1486,-G=2,
chrM	23	.	T	T	.	.	AC=6,3;AF=0.00149737958572,0.000748689792862	GT:AC:AF:NC	0/0:6,3:0.00149737958572,0.000748689792862:+C=1,+T=2441,-A=6,-C=2,-T=1557,
chrM	24	.	A	A	.	.	AC=5,3,1;AF=0.00126710593006,0.000760263558033,0.000253421186011	GT:AC:AF:NC	0/0:5,3,1:0.00126710593006,0.000760263558033,0.000253421186011:+A=2442,+C=1,+G=1,-A=1495,-G=2,-AG=5,
chrM	25	.	AC	A,AC	.	.	AC=16,5,4,1;AF=0.00436205016358,0.00136314067612,0.00109051254089,0.000272628135224	GT:AC:AF:NC	0/0:16,5,4,1:0.00436205016358,0.00136314067612,0.00109051254089,0.000272628135224:+A=2443,+d1=1,+C=1,-A=1199,-d1=15,-G=5,-AG=4,
chrM	26	.	C	C	.	.	AC=4,1,1;AF=0.000977995110024,0.000244498777506,0.000244498777506	GT:AC:AF:NC	0/0:4,1,1:0.000977995110024,0.000244498777506,0.000244498777506:+C=2449,+T=1,-A=4,-C=1635,-CA=1,
chrM	27	.	CA	GA,CA	.	.	AC=15,3;AF=0.00388299249288,0.000776598498576	GT:AC:AF:NC	0/0:15,3:0.00388299249288,0.000776598498576:+C=2448,-d1=3,-C=1397,-G=15,
chrM	28	.	A	A	.	.	AC=5,5,4;AF=0.00137211855104,0.00137211855104,0.00109769484083	GT:AC:AF:NC	0/0:5,5,4:0.00137211855104,0.00137211855104,0.00109769484083:+A=2485,+C=3,+G=2,-A=1145,-C=1,-G=3,-AG=5,
chrM	29	.	CT	GT,CT	.	.	AC=13,2,2;AF=0.00312725523214,0.00048111618956,0.00048111618956	GT:AC:AF:NC	0/0:13,2,2:0.00312725523214,0.00048111618956,0.00048111618956:+C=2506,+T=2,-d1=2,-C=1634,-G=13,
chrM	30	.	T	A,T	.	.	AC=14,5;AF=0.00354340673247,0.00126550240445	GT:AC:AF:NC	0/0:14,5:0.00354340673247,0.00126550240445:+A=1,+C=3,+T=2507,-A=13,-C=2,-T=1425,
