chrM:2-D:1
chrM:2-S:G
chrM:3-S:C
chrM:3-I:A
chrM:4-S:A
chrM:4-D:2
chrM:4-I:AG
chrM:5-I:G
chrM:5-S:G
chrM:6-S:G
chrM:7-I:G
chrM:7-D:1
chrM:7-S:G
chrM:8-S:T
chrM:8-D:2
chrM:8-D:4
chrM:8-I:A
chrM:10-S:C
chrM:10-S:A
chrM:11-S:G
chrM:11-S:T
chrM:11-S:A
chrM:12-S:C
chrM:12-S:A
chrM:13-S:G
chrM:14-I:AAGA
chrM:14-S:C
chrM:14-I:AAGAGA
chrM:14-D:1
chrM:14-S:A
chrM:14-I:AGA
chrM:14-I:AAGATA
chrM:14-I:AA
chrM:15-S:G
chrM:15-S:A
chrM:16-I:G
chrM:16-S:G
chrM:16-S:C
chrM:16-I:GAG
chrM:16-I:C
chrM:16-D:1
chrM:16-D:4
chrM:17-I:A
chrM:17-S:A
chrM:17-S:G
chrM:17-S:T
chrM:18-S:G
chrM:18-S:A
chrM:18-S:T
chrM:19-S:A
chrM:19-D:1
chrM:19-S:T
chrM:19-S:G
chrM:20-S:G
chrM:20-S:C
chrM:21-D:1
chrM:21-S:C
chrM:22-S:C
chrM:22-S:G
chrM:22-S:A
chrM:23-S:A
chrM:23-S:C
chrM:24-I:G
chrM:24-S:G
chrM:24-S:C
chrM:25-D:1
chrM:25-S:G
chrM:25-I:G
chrM:25-S:C
chrM:26-S:A
chrM:26-S:T
chrM:26-I:A
chrM:27-S:G
chrM:27-D:1
chrM:28-S:G
chrM:28-I:G
chrM:28-S:C
chrM:29-S:G
chrM:29-S:T
chrM:29-D:1
chrM:30-S:A
chrM:30-S:C
