>NODE_11_length_330_cov_5033.98_ID_4058044
AAGGAACAAGTGATTATGCTACCTTTGCACGGTTAGGGTACCGCGGCCGTTAAACATGTG
TCACTGGGCAGGCGGTGCCTCTAATACTGGTGATGCTAGAGGTGATGTTTTTGGTAAACA
GGCGGGGTAAGATTTGCCGAGTTCCTTTTACTTTTTTTAACCTTTCCTTATGAGCATGCC
TGTGTTGGGTTGACAGTGAGGGTAATAATGACTTGTTGGTTGATTGTAGATATTGGGCTG
TTAATTGTCAGTTCAGTGTTTTAATCTGACGCAGGCTTATGCGGAGGAGAATGTTTTCAT
GTTACTTATACTAACATTAGTTCTTCTATA
>NODE_1_length_16494_cov_4626.86_ID_4058018
CCCCGCCTGTTTACCAAAAACATCACCTCTAGCATCACCAGTATTAGAGGCACCGCCTGC
CCAGTGACACATGTTTAACGGCCGCGGTACCCTAACCGTGCAAAGGTAGCATAATCACTT
GTTCCTTAAATAGGGACCTGTATGAATGGCTCCACGAGGGTTCAGCTGTCTCTTACTTTT
AACCAGTGAAATTGACCTGCCCGTGAAGAGGCGGGCATAACACAGCAAGACGAGAAGACC
CTATGGAGCTTTAATTTATTAATGCAAACAGTACCTAACAAACCCACAGGTCCTAAACTA
CCAAACCTGCATTAAAAATTTCGGTTGGGGCGACCTCGGAGCAGAACCCAACCTCCGAGC
AGTACATGCTAAGACTTCACCAGTCAAAGCGAACTACTATACTCAATTGATCCAATAACT
TGACCAACGGAACAAGTTACCCTAGGGATAACAGCGCAATCCTATTCTAGAGTCCATATC
AACAATAGGGTTTACGACCTCGATGTTGGATCAGGACATCCCGATGGTGCAGCCGCTATT
AAAGGTTCGTTTGTTCAACGATTAAAGTCCTACGTGATCTGAGTTCAGACCGGAGTAATC
CAGGTCGGTTTCTATCTACTTCAAATTCCTCCCTGTACGAAAGGACAAGAGAAATAAGGC
CTACTTCACAAAGCGCCTTCCCCCGTAAATGATATCATCTCAACTTAGTATTATACCCAC
ACCCACCCAAGAACAGGGTTTGTTAAGATGGCAGAGCCCGGTAATCGCATAAAACTTAAA
ACTTTACAGTCAGAGGTTCAATTCCTCTTCTTAACAACATACCCATGGCCAACCTCCTAC
TCCTCATTGTACCCATTCTAATCGCAATGGCATTCCTAATGCTTACCGAACGAAAAATTC
TAGGCTATATACAACTACGCAAAGGCCCCAACGTTGTAGGCCCCTACGGGCTACTACAAC
CCTTCGCTGACGCCATAAAACTCTTCACCAAAGAGCCCCTAAAACCCGCCACATCTACCA
TCACCCTCTACATCACCGCCCCGACCTTAGCTCTCACCATCGCTCTTCTACTATGAACCC
CCCTCCCCATACCCAACCCCCTGGTCAACCTCAACCTAGGCCTCCTATTTATTCTAGCCA
CCTCTAGCCTAGCCGTTTACTCAATCCTCTGATCAGGGTGAGCATCAAACTCAAACTACG
CCCTGATCGGCGCACTGCGAGCAGTAGCCCAAACAATCTCATATGAAGTCACCCTAGCCA
TCATTCTACTATCAACATTACTAATAAGTGGCTCCTTTAACCTCTCCACCCTTATCACAA
CACAAGAACACCTCTGATTACTCCTGCCATCATGACCCTTGGCCATAATATGATTTATCT
CCACACTAGCAGAGACCAACCGAACCCCCTTCGACCTTGCCGAAGGGGAGTCCGAACTAG
TCTCAGGCTTCAACATCGAATACGCCGCAGGCCCCTTCGCCCTATTCTTCATAGCCGAAT
ACACAAACATTATTATAATAAACACCCTCACCACTACAATCTTCCTAGGAACAACATATG
ACGCACTCTCCCCTGAACTCTACACAACATATTTTGTCACCAAGACCCTACTTCTAACCT
CCCTGTTCTTATGAATTCGAACAGCATACCCCCGATTCCGCTACGACCAACTCATACACC
TCCTATGAAAAAACTTCCTACCACTCACCCTAGCATTACTTATATGATATGTCTCCATAC
CCATTACAATCTCCAGCATTCCCCCTCAAACCTAAGAAATATGTCTGATAAAAGAGTTAC
TTTGATAGAGTAAATAATAGGAGCTTAAACCCCCTTATTTCTAGGACTATGAGAATCGAA
CCCATCCCTGAGAATCCAAAATTCTCCGTGCCACCTATCACACCCCATCCTAAAGTAAGG
TCAGCTAAATAAGCTATCGGGCCCATACCCCGAAAATGTTGGTTATACCCTTCCCGTACT
AATTAATCCCCTGGCCCAACCCGTCATCTACTCTACCATCTTTGCAGGCACACTCATCAC
AGCGCTAAGCTCGCACTGATTTTTTACCTGAGTAGGCCTAGAAATAAACATGCTAGCTTT
TATTCCAGTTCTAACCAAAAAAATAAACCCTCGTTCCACAGAAGCTGCCATCAAGTATTT
CCTCACGCAAGCAACCGCATCCATAATCCTTCTAATAGCTATCCTCTTCAACAATATACT
CTCCGGACAATGAACCATAACCAATACTACCAATCAATACTCATCATTAATAATCATAAT
GGCTATAGCAATAAAACTAGGAATAGCCCCCTTTCACTTCTGAGTCCCAGAGGTTACCCA
AGGCACCCCTCTGACATCCGGCCTGCTTCTTCTCACATGACAAAAACTAGCCCCCATCTC
AATCATATACCAAATCTCTCCCTCACTAAACGTAAGCCTTCTCCTCACTCTCTCAATCTT
ATCCATCATAGCAGGCAGTTGAGGTGGATTAAACCAAACCCAGCTACGCAAAATCTTAGC
ATACTCCTCAATTACCCACATAGGATGAATAATAGCAGTTCTACCGTACAACCCTAACAT
AACCATTCTTAATTTAACTATTTATATTATCCTAACTACTACCGCATTCCTACTACTCAA
CTTAAACTCCAGCACCACGACCCTACTACTATCTCGCACCTGAAACAAGCTAACATGACT
AACACCCTTAATTCCATCCACCCTCCTCTCCCTAGGAGGCCTGCCCCCGCTAACCGGCTT
TTTGCCCAAATGGGCCATTATCGAAGAATTCACAAAAAACAATAGCCTCATCATCCCCAC
CATCATAGCCACCATCACCCTCCTTAACCTCTACTTCTACCTACGCCTAATCTACTCCAC
CTCAATCACACTACTCCCCATATCTAACAACGTAAAAATAAAATGACAGTTTGAACATAC
AAAACCCACCCCATTCCTCCCCACACTCATCGCCCTTACCACGCTACTCCTACCTATCTC
CCCTTTTATACTAATAATCTTATAGAAATTTAGGTTAAATACAGACCAAGAGCCTTCAAA
GCCCTCAGTAAGTTGCAATACTTAATTTCTGTAACAGCTAAGGACTGCAAAACCCCACTC
TGCATCAACTGAACGCAAATCAGCCACTTTAATTAAGCTAAGCCCTTACTAGACCAATGG
GACTTAAACCCACAAACACTTAGTTAACAGCTAAGCACCCTAATCAACTGGCTTCAATCT
ACTTCTCCCGCCGCCGGGAAAAAAGGCGGGAGAAGCCCCGGCAGGTTTGAAGCTGCTTCT
TCGAATTTGCAATTCAATATGAAAATCACCTCGGAGCTGGTAAAAAGAGGCCTAACCCCT
GTCTTTAGATTTACAGTCCAATGCTTCACTCAGCCATTTTACCTCACCCCCACTGATGTT
CGCCGACCGTTGACTATTCTCTACAAACCACAAAGACATTGGAACACTATACCTATTATT
CGGCGCATGAGCTGGAGTCCTAGGCACAGCTCTAAGCCTCCTTATTCGAGCCGAGCTGGG
CCAGCCAGGCAACCTTCTAGGTAACGACCACATCTACAACGTTATCGTCACAGCCCATGC
ATTTGTAATAATCTTCTTCATAGTAATACCCATCATAATCGGAGGCTTTGGCAACTGACT
AGTTCCCCTAATAATCGGTGCCCCCGATATGGCGTTTCCCCGCATAAACAACATAAGCTT
CTGACTCTTACCTCCCTCTCTCCTACTCCTGCTCGCATCTGCTATAGTGGAGGCCGGAGC
AGGAACAGGTTGAACAGTCTACCCTCCCTTAGCAGGGAACTACTCCCACCCTGGAGCCTC
CGTAGACCTAACCATCTTCTCCTTACACCTAGCAGGTGTCTCCTCTATCTTAGGGGCCAT
CAATTTCATCACAACAATTATCAATATAAAACCCCCTGCCATAACCCAATACCAAACGCC
CCTCTTCGTCTGATCCGTCCTAATCACAGCAGTCCTACTTCTCCTATCTCTCCCAGTCCT
AGCTGCTGGCATCACTATACTACTAACAGACCGCAACCTCAACACCACCTTCTTCGACCC
CGCCGGAGGAGGAGACCCCATTCTATACCAACACCTATTCTGATTTTTCGGTCACCCTGA
AGTTTATATTCTTATCCTACCAGGCTTCGGAATAATCTCCCATATTGTAACTTACTACTC
CGGAAAAAAAGAACCATTTGGATACATAGGTATGGTCTGAGCTATGATATCAATTGGCTT
CCTAGGGTTTATCGTGTGAGCACACCATATATTTACAGTAGGAATAGACGTAGACACACG
AGCATATTTCACCTCCGCTACCATAATCATCGCTATCCCCACCGGCGTCAAAGTATTTAG
CTGGCTCGCCACACTCCACGGAAGCAATATGAAATGATCTGCTGCAGTGCTCTGAGCCCT
AGGATTCATCTTTCTTTTCACCGTAGGTGGCCTGACTGGCATTGTATTAGCAAACTCATC
ACTAGACATCGTACTACACGACACGTACTACGTTGTAGCCCACTTCCACTATGTCCTATC
AATAGGAGCTGTATTTGCCATCATAGGAGGCTTCATTCACTGATTTCCCCTATTCTCAGG
CTACACCCTAGACCAAACCTACGCCAAAATCCATTTCACTATCATATTCATCGGCGTAAA
TCTAACTTTCTTCCCACAACACTTTCTCGGCCTATCCGGAATGCCCCGACGTTACTCGGA
CTACCCCGATGCATACACCACATGAAACATCCTATCATCTGTAGGCTCATTCATTTCTCT
AACAGCAGTAATATTAATAATTTTCATGATTTGAGAAGCCTTCGCTTCGAAGCGAAAAGT
CCTAATAGTAGAAGAACCCTCCATAAACCTGGAGTGACTATATGGATGCCCCCCACCCTA
CCACACATTCGAAGAACCCGTATACATAAAATCTAGACAAAAAAGGAAGGAATCGAACCC
CCCAAAGCTGGTTTCAAGCCAACCCCATGGCCTCCATGACTTTTTCAAAAAGGTATTAGA
AAAACCATTTCATAACTTTGTCAAAGTTAAATTATAGGCTAAATCCTATATATCTTAATG
GCACATGCAGCGCAAGTAGGTCTACAAGACGCTACTTCCCCTATCATAGAAGAGCTTATC
ACCTTTCATGATCACGCCCTCATAATCATTTTCCTTATCTGCTTCCTAGTCCTGTATGCC
CTTTTCCTAACACTCACAACAAAACTAACTAATACTAACATCTCAGACGCTCAGGAAATA
GAAACCGTCTGAACTATCCTGCCCGCCATCATCCTAGTCCTCATCGCCCTCCCATCCCTA
CGCATCCTTTACATAACAGACGAGGTCAACGATCCCTCCCTTACCATCAAATCAATTGGC
CACCAATGGTACTGAACCTACGAGTACACCGACTACGGCGGACTAATCTTCAACTCCTAC
ATACTTCCCCCATTATTCCTAGAACCAGGCGACCTGCGACTCCTTGACGTTGACAATCGA
GTAGTACTCCCGATTGAAGCCCCCATTCGTATAATAATTACATCACAAGACGTCTTGCAC
TCATGAGCTGTCCCCACATTAGGCTTAAAAACAGATGCAATTCCCGGACGTCTAAACCAA
ACCACTTTCACCGCTACACGACCGGGGGTATACTACGGTCAATGCTCTGAAATCTGTGGA
GCAAACCACAGTTTCATGCCCATCGTCCTAGAATTAATTCCCCTAAAAATCTTTGAAATA
GGGCCCGTATTTACCCTATAGCACCCCCTCTACCCCCTCTAGAGCCCACTGTAAAGCTAA
CTTAGCATTAACCTTTTAAGTTAAAGATTAAGAGAACCAACACCTCTTTACAGTGAAATG
CCCCAACTAAATACTACCGTATGGCCCACCATAATTACCCCCATACTCCTTACACTATTC
CTCATCACCCAACTAAAAATATTAAACACAAACTACCACCTACCTCCCTCACCAAAGCCC
ATAAAAATAAAAAATTATAACAAACCCTGAGAACCAAAATGAACGAAAATCTGTTCGCTT
CATTCATTGCCCCCACAATCCTAGGCCTACCCGCCGCAGTACTGATCATTCTATTTCCCC
CTCTATTGATCCCCACCTCCAAATATCTCATCAACAACCGACTAATCACCACCCAACAAT
GACTAATCAAACTAACCTCAAAACAAATGATAACCATACACAACACTAAAGGACGAACCT
GATCTCTTATACTAGTATCCTTAATCATTTTTATTGCCACAACTAACCTCCTCGGACTCC
TGCCTCACTCATTTACACCAACCACCCAACTATCTATAAACCTAGCCATGGCCATCCCCT
TATGAGCGGGCGCAGTGATTATAGGCTTTCGCTCTAAGATTAAAAATGCCCTAGCCCACT
TCTTACCACAAGGCACACCTACACCCCTTATCCCCATACTAGTTATTATCGAAACCATCA
GCCTACTCATTCAACCAATAGCCCTGGCCGTACGCCTAACCGCTAACATTACTGCAGGCC
ACCTACTCATGCACCTAATTGGAAGCGCCACCCTAGCAATATCAACCATTAACCTTCCCT
CTACACTTATCATCTTCACAATTCTAATTCTACTGACTATCCTAGAAATCGCTGTCGCCT
TAATCCAAGCCTACGTTTTCACACTTCTAGTAAGCCTCTACCTGCACGACAACACATAAT
GACCCACCAATCACATGCCTATCATATAGTAAAACCCAGCCCATGACCCCTAACAGGGGC
CCTCTCAGCCCTCCTAATGACCTCCGGCCTAGCCATGTGATTTCACTTCCACTCCATAAC
GCTCCTCATACTAGGCCTACTAACCAACACACTAACCATATACCAATGATGGCGCGATGT
AACACGAGAAAGCACATACCAAGGCCACCACACACCACCTGTCCAAAAAGGCCTTCGATA
CGGGATAATCCTATTTATTACCTCAGAAGTTTTTTTCTTCGCAGGATTTTTCTGAGCCTT
TTACCACTCCAGCCTAGCCCCTACCCCCCAATTAGGAGGGCACTGGCCCCCAACAGGCAT
CACCCCGCTAAATCCCCTAGAAGTCCCACTCCTAAACACATCCGTATTACTCGCATCAGG
AGTATCAATCACCTGAGCTCACCATAGTCTAATAGAAAACAACCGAAACCAAATAATTCA
AGCACTGCTTATTACAATTTTACTGGGTCTCTATTTTACCCTCCTACAAGCCTCAGAGTA
CTTCGAGTCTCCCTTCACCATTTCCGACGGCATCTACGGCTCAACATTTTTTGTAGCCAC
AGGCTTCCACGGACTTCACGTCATTATTGGCTCAACTTTCCTCACTATCTGCTTCATCCG
CCAACTAATATTTCACTTTACATCCAAACATCACTTTGGCTTCGAAGCCGCCGCCTGATA
CTGGCATTTTGTAGATGTGGTTTGACTATTTCTGTATGTCTCCATCTATTGATGAGGGTC
TTACTCTTTTAGTATAAATAGTACCGTTAACTTCCAATTAACTAGTTTTGACAACATTCA
AAAAAGAGTAATAAACTTCGCCTTAATTTTAATAATCAACACCCTCCTAGCCTTACTACT
AATAATTATTACATTTTGACTACCACAACTCAACGGCTACATAGAAAAATCCACCCCTTA
CGAGTGCGGCTTCGACCCTATATCCCCCGCCCGCGTCCCTTTCTCCATAAAATTCTTCTT
AGTAGCTATTACCTTCTTATTATTTGATCTAGAAATTGCCCTCCTTTTACCCCTACCATG
AGCCCTACAAACAACTAACCTGCCACTAATAGTTATGTCATCCCTCTTATTAATCATCAT
CCTAGCCCTAAGTCTGGCCTATGAGTGACTACAAAAAGGATTAGACTGAACCGAATTGGT
ATATAGTTTAAACAAAACGAATGATTTCGACTCATTAAATTATGATAATCATATTTACCA
AATGCCCCTCATTTACATAAATATTATACTAGCATTTACCATCTCACTTCTAGGAATACT
AGTATATCGCTCACACCTCATATCCTCCCTACTATGCCTAGAAGGAATAATACTATCGCT
GTTCATTATAGCTACTCTCATAACCCTCAACACCCACTCCCTCTTAGCCAATATTGTGCC
TATTGCCATACTAGTCTTTGCCGCCTGCGAAGCAGCGGTGGGCCTAGCCCTACTAGTCTC
AATCTCCAACACATATGGCCTAGACTACGTACATAACCTAAACCTACTCCAATGCTAAAA
CTAATCGTCCCAACAATTATATTACTACCACTGACATGACTTTCCAAAAAACACATAATT
TGAATCAACACAACCACCCACAGCCTAATTATTAGCATCATCCCTCTACTATTTTTTAAC
CAAATCAACAACAACCTATTTAGCTGTTCCCCAACCTTTTCCTCCGACCCCCTAACAACC
CCCCTCCTAATACTAACTACCTGACTCCTACCCCTCACAATCATGGCAAGCCAACGCCAC
TTATCCAGTGAACCACTATCACGAAAAAAACTCTACCTCTCTATACTAATCTCCCTACAA
ATCTCCTTAATTATAACATTCACAGCCACAGAACTAATCATATTTTATATCTTCTTCGAA
ACCACACTTATCCCCACCTTGGCTATCATCACCCGATGAGGCAACCAGCCAGAACGCCTG
AACGCAGGCACATACTTCCTATTCTACACCCTAGTAGGCTCCCTTCCCCTACTCATCGCA
CTAATTTACACTCACAACACCCTAGGCTCACTAAACATTCTACTACTCACTCTCACTGCC
CAAGAACTATCAAACTCCTGAGCCAACAACTTAATATGACTAGCTTACACAATAGCTTTT
ATAGTAAAGATACCTCTTTACGGACTCCACTTATGACTCCCTAAAGCCCATGTCGAAGCC
CCCATCGCTGGGTCAATAGTACTTGCCGCAGTACTCTTAAAACTAGGCGGCTATGGTATA
ATACGCCTCACACTCATTCTCAACCCCCTGACAAAACACATAGCCTACCCCTTCCTTGTA
CTATCCCTATGAGGCATAATTATAACAAGCTCCATCTGCCTACGACAAACAGACCTAAAA
TCGCTCATTGCATACTCTTCAATCAGCCACATAGCCCTCGTAGTAACAGCCATTCTCATC
CAAACCCCCTGAAGCTTCACCGGCGCAGTCATTCTCATAATCGCCCACGGGCTTACATCC
TCATTACTATTCTGCCTAGCAAACTCAAACTACGAACGCACTCACAGTCGCATCATAATC
CTCTCTCAAGGACTTCAAACTCTACTCCCACTAATAGCTTTTTGATGACTTCTAGCAAGC
CTCGCTAACCTCGCCTTACCCCCCACTATTAACCTACTGGGAGAACTCTCTGTGCTAGTA
ACCACGTTCTCCTGATCAAATATCACTCTCCTACTTACAGGACTCAACATACTAGTCACA
GCCCTATACTCCCTCTACATATTTACCACAACACAATGGGGCTCACTCACCCACCACATT
AACAACATAAAACCCTCATTCACACGAGAAAACACCCTCATGTTCATACACCTATCCCCC
ATTCTCCTCCTATCCCTCAACCCCGACATCATTACCGGGTTTTCCTCTTGTAAATATAGT
TTAACCAAAACATCAGATTGTGAATCTGACAACAGAGGCTTACGACCCCTTATTTACCGA
GAAAGCTCACAAGAACTGCTAACTCATGCCCCCATGTCTAACAACATGGCTTTCTCAACT
TTTAAAGGATAACAGCTATCCATTGGTCTTAGGCCCCAAAAATTTTGGTGCAACTCCAAA
TAAAAGTAATAACCATGCACACTACTATAACCACCCTAACCCTGACTTCCCTAATTCCCC
CCATCCTTACCACCCTCGTTAACCCTAACAAAAAAAACTCATACCCCCATTATGTAAAAT
CCATTGTCGCATCCACCTTTATTATCAGTCTCTTCCCCACAACAATATTCATGTGCCTAG
ACCAAGAAGTTATTATCTCGAACTGACACTGAGCCACAACCCAAACAACCCAGCTCTCCC
TAAGCTTCAAACTAGACTACTTCTCCATAATATTCATCCCTGTAGCATTGTTCGTTACAT
GGTCCATCATAGAATTCTCACTGTGATATATAAACTCAGACCCAAACATTAATCAGTTCT
TCAAATATCTACTCATCTTCCTAATTACCATACTAATCTTAGTTACCGCTAACAACCTAT
TCCAACTGTTCATCGGCTGAGAGGGCGTAGGAATTATATCCTTCTTGCTCATCAGTTGAT
GATACGCCCGAGCAGATGCCAACACAGCAGCCATTCAAGCAATCCTATACAACCGTATCG
GCGATATCGGTTTCATCCTCGCCTTAGCATGATTTATCCTACACTCCAACTCATGAGACC
CACAACAAATAGCCCTTCTAAACGCTAATCCAAGCCTCACCCCACTACTAGGCCTCCTCC
TAGCAGCAGCAGGCAAATCAGCCCAATTAGGTCTCCACCCCTGACTCCCCTCAGCCATAG
AAGGCCCCACCCCAGTCTCAGCCCTACTCCACTCAAGCACTATAGTTGTAGCAGGAATCT
TCTTACTCATCCGCTTCCACCCCCTAGCAGAAAATAGCCCACTAATCCAAACTCTAACAC
TATGCTTAGGCGCTATCACCACTCTGTTCGCAGCAGTCTGCGCCCTTACACAAAATGACA
TCAAAAAAATCGTAGCCTTCTCCACTTCAAGTCAACTAGGACTCATAATAGTTACAATCG
GCATCAACCAACCACACCTAGCATTCCTGCACATCTGTACCCACGCCTTCTTCAAAGCCA
TACTATTTATGTGCTCCGGGTCCATCATCCACAACCTTAACAATGAACAAGATATTCGAA
AAATAGGAGGACTACTCAAAACCATACCTCTCACTTCAACCTCCCTCACCATTGGCAGCC
TAGCATTAGCAGGAATACCTTTCCTCACAGGTTTCTACTCCAAAGACCACATCATCGAAA
CCGCAAACATATCATACACAAACGCCTGAGCCCTATCTATTACTCTCATCGCTACCTCCC
TGACAAGCGCCTATAGCACTCGAATAATTCTTCTCACCCTAACAGGTCAACCTCGCTTCC
CCACCCTTACTAACATTAACGAAAATAACCCCACCCTACTAAACCCCATTAAACGCCTGG
CAGCCGGAAGCCTATTCGCAGGATTTCTCATTACTAACAACATTTCCCCCGCATCCCCCT
TCCAAACAACAATCCCCCTCTACCTAAAACTCACAGCCCTCGCTGTCACTTTCCTAGGAC
TTCTAACAGCCCTAGACCTCAACTACCTAACCAACAAACTTAAAATAAAATCCCCACTAT
GCACATTTTATTTCTCCAACATACTCGGATTCTACCCTAGCATCACACACCGCACAATCC
CCTATCTAGGCCTTCTTACGAGCCAAAACCTGCCCCTACTCCTCCTAGACCTAACCTGAC
TAGAAAAGCTATTACCTAAAACAATTTCACAGCACCAAATCTCCACCTCCATCATCACCT
CAACCCAAAAAGGCATAATTAAACTTTACTTCCTCTCTTTCTTCTTCCCACTCATCCTAA
CCCTACTCCTAATCACATAACCTATTCCCCCGAGCAATCTCAATTACAATATATACACCA
ACAAACAATGTTCAACCAGTAACTACTACTAATCAACGCCCATAATCATACAAAGCCCCC
GCACCAATAGGATCCTCCCGAATCAACCCTGACCCCTCTCCTTCATAAATTATTCAGCTT
CCTACACTATTAAAGTTTACCACAACCACCACCCCATCATACTCTTTCACCCACAGCACC
AATCCTACCTCCATCGCTAACCCCACTAAAACACTCACCAAGACCTCAACCCCTGACCCC
CATGCCTCAGGATACTCCTCAATAGCCATCGCTGTAGTATATCCAAAGACAACCATCATT
CCCCCTAAATAAATTAAAAAAACTATTAAACCCATATAACCTCCCCCAAAATTCAGAATA
ATAACACACCCGACCACACCGCTAACAATCAATACTAAACCCCCATAAATAGGAGAAGGC
TTAGAAGAAAACCCCACAAACCCCATTACTAAACCCACACTCAACAGAAACAAAGCATAC
ATCATTATTCTCGCACGGACTACAACCACGACCAATGATATGAAAAACCATCGTTGTATT
TCAACTACAAGAACACCAATGACCCCAATACGCAAAACTAACCCCCTAATAAAATTAATT
AACCACTCATTCATCGACCTCCCCACCCCATCCAACATCTCCGCATGATGAAACTTCGGC
TCACTCCTTGGCGCCTGCCTGATCCTCCAAATCACCACAGGACTATTCCTAGCCATGCAC
TACTCACCAGACGCCTCAACCGCCTTTTCATCAATCGCCCACATCACTCGAGACGTAAAT
TATGGCTGAATCATCCGCTACCTTCACGCCAATGGCGCCTCAATATTCTTTATCTGCCTC
TTCCTACACATCGGGCGAGGCCTATATTACGGATCATTTCTCTACTCAGAAACCTGAAAC
ATCGGCATTATCCTCCTGCTTGCAACTATAGCAACAGCCTTCATAGGCTATGTCCTCCCG
TGAGGCCAAATATCATTCTGAGGGGCCACAGTAATTACAAACTTACTATCCGCCATCCCA
TACATTGGGACAGACCTAGTTCAATGAATCTGAGGAGGCTACTCAGTAGACAGTCCCACC
CTCACACGATTCTTTACCTTTCACTTCATCTTGCCCTTCATTATTGCAGCCCTAGCAGCA
CTCCACCTCCTATTCTTGCACGAAACGGGATCAAACAACCCCCTAGGAATCACCTCCCAT
TCCGATAAAATCACCTTCCACCCTTACTACACAATCAAAGACGCCCTCGGCTTACTTCTC
TTCCTTCTCTCCTTAATGACATTAACACTATTCTCACCAGACCTCCTAGGCGACCCAGAC
AATTATACCCTAGCCAACCCCTTAAACACCCCTCCCCACATCAAGCCCGAATGATATTTC
CTATTCGCCTACACAATTCTCCGATCCGTCCCTAACAAACTAGGAGGCGTCCTTGCCCTA
TTACTATCCATCCTCATCCTAGCAATAATCCCCATCCTCCATATATCCAAACAACAAAGC
ATAATATTTCGCCCACTAAGCCAATCACTTTATTGACTCCTAGCCGCAGACCTCCTCATT
CTAACCTGAATCGGAGGACAACCAGTAAGCTACCCTTTTACCATCATTGGACAAGTAGCA
TCCGTACTATACTTCACAACAATCCTAATCCTAATACCAACTATCTCCCTAATTGAAAAC
AAAATACTCAAATGGGCCTGTCCTTGTAGTATAAACTAATACACCAGTCTTGTAAACCGG
AGATGAAAACCTTTTTCCAAGGACAAATCAGAGAAAAAGTCTTTAACTCCACCATTAGCA
CCCAAAGCTAAGATTCTAATTTAAACTATTCTCTGTTCTTTCATGGGGAAGCAGATTTGG
GTACCACCCAAGTATTGACTCACCCATCAACAACCGCTATGTATTTCGTACATTACTGCC
AGCCACCATGAATATTGTACGGTACCATAAATACTTGACCACCTGTAGTACATAAAAACC
CAATCCACATCAAAACCCCCTCCCCATGCTTACAAGCAAGTACAGCAATCAACCCTCAAC
TATCACACATCAACTGCAACTCCAAAGTCACCCCTCACCCACTAGGATACCAACAAACCT
ACCCACCCTTAACAGCACATAGTACATAAAGCCATTTACCGTACATAGCACATTACAGTC
AAATCCCTTCTCGTCCCCATGGATGACCCCCCTCAGATAGGGGTCCCTTGACCACCATCC
TCCGTGAAATCAATATCCCGCACAAGAGTGCTACTCTCCTCGCTCCGGGCCCATAACACT
TGGGGGTAGCTAAAGTGAACTGTATCCGACATCTGGTTCCTACTTCAGGGTCATAAAGCC
TAAATAGCCCACACGTTCCCCTTAAATAAGACATCACGATGGATCACAGGTCTATCACCC
TATTAACCACTCACGGGAGCTCTCCATGCATTTGGTATTTTCGTCTGGGGGGTATGCACG
CGATAGCATTGCGAGACGCTGGAGCCGGAGCACCCTATGTCGCAGTATCTGTCTTTGATT
CCTGCCTCATCCTATTATTTATCGCACCTACGTTCAATATTACAGGCGAACATACTTACT
AAAGTGTGTTAATTAATTAATGCTTGTAGGACATAATAATAACAATTGAATGTCTGCACA
GCCGCTTTCCACACAGACATCATAACAAAAAATTTCCACCAAACCCCCCCCTCCCCCCGC
TTCTGGCCACAGCACTTAAACACATCTCTGCCAAACCCCAAAAACAAAGAACCCTAACAC
CAGCCTAACCAGATTTCAAATTTTATCTTTTGGCGGTATGCACTTTTAACAGTCACCCCC
CAACTAACACATTATTTTTCCCTCCCACTCCCATACTACTAATCTCATCAATACAACCCC
CGCCCATCCTACCCAGCACACACACACCGCTGCTAACCCCATACCCCGAACCAACCAAAC
CCCAAAGACACCCCCCACAGTTTATGTAGCTTACCTCCTCAAAGCAATACACTGAAAATG
TTTAGACGGGCTCACATCACCCCATAAACAAATAGGTTTGGTCCTAGCCTTTCTATTAGC
TCTTAGTAAGATTACACATGCAAGCATCCCCGTTCCAGTGAGTTCACCCTCTAAATCACC
ACGATCAAAAGGGACAAGCATCAAGCACGCAGCAATGCAGCTCAAAACGCTTAGCCTAGC
CACACCCCCACGGGAAACAGCAGTGATTAACCTTTAGCAATAAACGAAAGTTTAACTAAG
CTATACTAACCCCAGGGTTGGTCAATTTCGTGCCAGCCACCGCGGTCACACGATTAACCC
AAGTCAATAGAAGCCGGCGTAAAGAGTGTTTTAGATCACCCCCTCCCCAATAAAGCTAAA
ACTCACCTGAGTTGTAAAAAACTCCAGTTGACACAAAATAGACTACGAAAGTGGCTTTAA
CATATCTGAACACACAATAGCTAAGACCCAAACTGGGATTAGATACCCCACTATGCTTAG
CCCTAAACCTCAACAGTTAAATCAACAAAACTGCTCGCCAGAACACTACGAGCCACAGCT
TAAAACTCAAAGGACCTGGCGGTGCTTCATATCCCTCTAGAGGAGCCTGTTCTGTAATCG
ATAAACCCCGATCAACCTCACCACCTCTTGCTCAGCCTATATACCGCCATCTTCAGCAAA
CCCTGATGAAGGCTACAAAGTAAGCGCAAGTACCCACGTAAAGACGTTAGGTCAAGGTGT
AGCCCATGAGGTGGCAAGAAATGGGCTACATTTTCTACCCCAGAAAACTACGATAGCCCT
TATGAAACTTAAGGGTCGAAGGTGGATTTAGCAGTAAACTGAGAGTAGAGTGCTTAGTTG
AACAGGGCCCTGAAGCGCGTACACACCGCCCGTCACCCTCCTCAAGTATACTTCAAAGGA
CATTTAACTAAAACCCCTACGCATTTATATAGAGGAGACAAGTCGTAACATGGTAAGTGT
ACTGGAAAGTGCACTTGGACGAACCAGAGTGTAGCTTAACACAAAGCACCCAACTTACAC
TTAGGAGATTTCAACTTAACTTGACCGCTCTGAGCTAAACCTAGCCCCAAACCCACTCCA
CCTTACTACCAGACAACCTTAGCCAAACCATTTACCCAAATAAAGTATAGGCGATAGAAA
TTGAAACCTGGCGCAATAGATATAGTACCGCAAGGGAAAGATGAAAAATTATAACCAAGC
ATAATATAGCAAGGACTAACCCCTATACCTTCTGCATAATGAATTAACTAGAAATAACTT
TGCAAGGAGAGCCAAAGCTAAGACCCCCGAAACCAGACGAGCTACCTAAGAACAGCTAAA
AGAGCACACCCGTCTATGTAGCAAAATAGTGGGAAGATTTATAGGTAGAGGCGACAAACC
TACCGAGCCTGGTGATAGCTGGTTGTCCAAGATAGAATCTTAGTTCAACTTTAAATTTGC
CCACAGAACCCTCTAAATCCCCTTGTAAATTTAACTGTTAGTCCAAAGAGGAACAGCTCT
TTGGACACTAGGAAAAAACCTTGTAGAGAGAGTAAAAAATTTAACACCCATAGTAGGCCT
AAAAGCAGCCACCAATTAAGAAAGCGTTCAAGCTCAACACCCACTACCTAAAAAATCCCA
AACATATAACTGAACTCCTCACACCCAATTGGACCAATCTATCACCCTATAGAAGAACTA
ATGTTAGTATAAGTAACATGAAAACATTCTCCTCCGCATAAGCCTGCGTCAGATTAAAAC
ACTGAACTGACAATTAACAGCCCAATATCTACAATCAACCAACAAGTCATTATT
