>NODE_11_length_396_cov_0.840149_ID_3269726
AGGGTGGATGGAATTAAGGGTGTTAGTCATGTTAGCTTGTTTCAGGTGCGAGATAGTAGT
AGGGTCGTGGTGCTGGAGTTTAAGTTGAGTAGTAGGAATGCGGTAGTAGTTAGGATAATA
TAAATAGTTAAATTAAGAATGGTTATGTTAGGGTTGTACGGTAGAACTGCTATTATTCAT
CCTATGTGGGTAATTGAGGAGTATGCTAAGATTTTGCGTAGCTGGGTTTGGTTTAATCCA
CCTCAACTGCCTGCTATGATGGATAAGATTGAGAGAGTGAGGAGAAGGCTTACGTTTAGT
GAGGGAGAGATTTGGTATATGATTGAGATGGGGGCTAGTTTTTGTCATGTGAGAAGAAGC
AGGCCGGATGTGAGGGGGTGTCTTGGGTAAATTGG
>NODE_18_length_271_cov_2945.28_ID_6544060
TTAAGGAGGGTGATGGTGGCTATGATGGTGGGGATGATGAGGCTATTGTTTTTTGTGAAT
TCTTCGATAATGGCCCATTTGGGCAAAAAGCCGGTTAGCGGGGGCAGGCCTCCTAGGGAG
AGGAGGGTGGATGGAATTAAGGGTGTTAGTCATGTTAGCTTGTTTCAGGTGCGAGATAGT
AGTAGGGTCGTGGTGCTGGAGTTTAAGTTGAGTAGTAGGAATGCGGTAGTAGTTAGGATA
ATATAAATAGTTAAATTAAGAATGGTTATGT
>NODE_17_length_272_cov_4793.5_ID_6544664
TATCACCTTTCATGATCACGCCCTCATAATCATTTTCCTTATCTGCTTCCTAGTCCTGTA
TGCCCTTTTCCTAACACTCACAACAAAACTAACTAATACTAACATCTCAGACGCTCAGGA
AATAGAAACCGTCTGAACTATCCTACCCGCCATCATCCTAGTCCTCATCGCCCTCCCATC
CCTACGCATCCTTTACATAACAGACGAGGTCAACGATCCCTCCCTTACCATCAAATCAAT
TGGCCACCAATGGTACTGAACCTACAAGTAGG
>NODE_13_length_388_cov_1.41379_ID_6081512
CTCGTGGAGCCATTCATACAGGTCCCTATTTAAGGAACAAGTGATTATGCTACCTTTGCA
CGGTTAGGGTACCGCGGCCGTTAAACATGTGTCACTGGGCAGGCGGTGCCTCTAATACTG
GTGATGCTAGAGGTGATGTTTTTGGTAAACAGGCGGGGTAAGATTTGCCGAGTTCCTTTT
ACTTTTTTTAACCTTTCCTTATGAGCATGCCTGTGTTGGGTTGACAGTGAGGGTAATAAT
GACTTGTTGGTTGATTGTAGATATTGGGCTGTTAATTGTCAGTTCAGTGTTTTAATCTGA
CGCAGGCTTATGCGGAGGAGAATGTTTTCATGTTACTTATACTAACATTAGTTCTTCTAT
AGGGTGATAGATTGGTCCAATTGGGTGA
>NODE_14_length_386_cov_0.957529_ID_861690
GGCTGTGGGTTTGTTAGGTTGTGTTTGCATTAATAAATTAAAGCTCCGTAGGGTCTTCTC
GTCTTGCTGTGTCATGCCCGCCTCTTCACGGGCAGGTCAATTTCACTGGTTAAAAGTAAG
AGACAGCTGAACCCTCGTGGAGCCATTCATACAGGTCCCTATTTAAGGAACAAGTGATTA
TGCTACCTTTGCACGGTTAGGGTACCGCGGCCGTTAAACATGTGTCACTGGGCAGGCGGT
GCCTCTAATACTGGTGATGCTAGAGGTGATGTTTTTGGTAAACAGGCGGGGGAAGATTTT
CCGGGGTCCTTTTTCTTTTTTTTACCTTTTCTTTTGAGCATGCCTGTGTGGTTGTGACTG
TGGGGGAATAATGTTTTGGT
>NODE_3_length_2563_cov_5579.06_ID_6544764
TTCTATTTCCTGAGCGTCTGAGATGTTAGTATTAGTTAGTTTTGTTGTGAGTGTTAGGAA
AAGGGCATACAGGACTAGGAAGCAGATAAGGAAAATGATTATGAGGGCGTGATCATGAAA
GGTGATAAGCTCTTCTATGATAGGGGAAGTAGCGTCTTGTAGACCTACTTGCGCTGCATG
TGCCATTAAGATATATAGGATTTAGCCTATAATTTAACTTTGACAAAGTTATGAAATGGT
TTTTCTAATACCTTTTTGAAAAAGTCATGGAGGCCATGGGGTTGGCTTGAAACCAACTTT
GGGGGGTTCGATTCCTTCCTTTTTTGTCTAGATTTTATGTATACGGGTTCTTCGAATGTG
TGGTAGGGTGGGGGGCATCCATATAGTCACTCCAGGTTTATGGAGGGTTCTTCTACTATT
AGGACTTTTCGCTTCGAAGCGAAGGCTTCTCAAATCATGAAAATTATTAATATTACTGCT
GTTAGAGAAATGAATGAGCCTACAGATGATAGGATGTTTCATGTGGTGTATGCATCGGGG
TAGTCCGAGTAACGTCGGGGCATTCCGGATAGGCCGAGAAAGTGTTGTGGGAAGAAAGTT
AGATTTACGCCGATGAATATGATAGTGAAATGGATTTTGGCGTAGGTTTGGTCTAGGGTG
TAGCCTGAGAATAGGGGAAATCAGTGAATGAAGCCTCCTATGATGGCAAATACAGCTCCT
ATTGATAGGACATAGTGGAAGTGAGCTACAACGTAGTACGTGTCGTGTAGTACGATGTCT
AGTGATGAGTTTGCTAATACAATGCCAGTCAGGCCACCTACGGTGAAAAGAAAGATGAAT
CCTAGGGCTCAGAGCACTGCAGCAGATCATTTCATATTGCTTCCGTGGAGTGTGGCGAGT
CAGCTAAATACTTTGACGCCGGTGGGGATAGCGATGATTATGGTAGCGGAGGTGAAATAT
GCTCGTGTGTCTACGTCTATTCCTACTGTAAATATATGGTGTGCTCACACGATAAACCCT
AGGAAGCCAATTGATATCATAGCTCAGACCATACCTATGTATCCAAATGGTTCTTTTTTT
CCGGAGTAGTAAGTTACAATATGGGAGATTATTCCGAAGCCTGGTAGGATAAGAATATAA
ACTTCAGGGTGACCGAAAAATCAGAATAGGTGTTGGTATAGAATGGGGTCTCCTCCTCCG
GCGGGGTCGAAGAAGGTGGTGTTGAGGTTGCGGTCTGTTAGTAGTATAGTGATGCCAGCA
GCTAGGACTGGGAGAGATAGGAGAAGTAGGACTGCTGTGATTAGGACGGATCAGACGAAG
AGGGGCGTTTGGTATTGGGTTATGGCAGGGGGTTTTATATTGATAATTGTTGTGATGAAA
TTGATGGCCCCTAAGATAGAGGAGACACCTGCTAGGTGTAAGGAGAAGATGGTTAGGTCT
ACGGAGGCTCCAGGGTGGGAGTAGTTCCCTGCTAAGGGAGGGTAGACTGTTCAACCTGTT
CCTGCTCCGGCCTCCACTATAGCAGATGCGAGCAGGAGTAGGAGAGAGGGAGGTAAGAGT
CAGAAGCTTATGTTGTTTATGCGGGGAAACGCCATATCGGGGGCACCGATTATTAGGGGA
ACTAGTCAGTTGCCAAAGCCTCCGATTATGATGGGTATTACTATGAAGAAGATTATTACA
AATGCATGGGCTGTGACGATAACGTTGTAGATGTGGTCGTTACCTAGAAGGTTGCCTGGC
TGGCCCAGCTCGGCTCGAATAAGGAGGCTTAGAGCTGTGCCTAGGACTCCAGCTCATGCG
CCGAATAATAGGTATAGTGTTCCAATGTCTTTGTGGTTTGTAGAGAATAGTCAACGGTCG
GCGAACATCAGTGGGGGTGAGGTAAAATGGCTGAGTGAAGCATTGGACTGTAAATCTAAA
GACAGGGGTTAGGCCTCTTTTTACCAGCTCCGAGGTGATTTTCATATTGAATTGCAAATT
CGAAGAAGCAGCTTCAAACCTGCCGGGGCTTCTCCCGCCTTTTTTCCCGGCGGCGGGAGA
AGTAGATTGAAGCCAGTTGATTAGGGTGCTTAGCTGTTAACTAAGTGTTTGTGGGTTTAA
GTCCCATTGGTCTAGTAAGGGCTTAGCTTAATTAAAGTGGCTGATTTGCGTTCAGTTGAT
GCAGAGTGGGGTTTTGCAGTCCTTAGCTGTTACAGAAATTAAGTATTGCAACTTACTGAG
GGCTTTGAAGGCTCTTGGTCTGTATTTAACCTAAATTTCTATAAGATTATTAGTATAAAA
GGGGAGATAGGTAGGAGTAGCGTGGTAAGGGCGATGAGTGTGGGGAGGAATGGGGTGGGT
TTTGTATGTTCAAACTGTCATTTTATTTTTACGTTGTTAGATATGGGGAGTAGTGTGATT
GAGGTGGAGTAGATTAGGCGTAGGTAGAAGTAGAGGTTAAGGAGGGTGATGGTGGCTATG
ATGGTGGGGATGATGAGGCTATTGTTTTTTGTGAATTCTTCGATAATGGCCCATTTGGGC
AAAAAGCCGGTTAGCGGGGGCAGGCCTCCTAGGGAGAGGAGGG
>NODE_2_length_2703_cov_5626.07_ID_6544744
GTTAGTCATGTTAGCTTGTTTCAGGTGCGAGATAGTAGTAGGGTCGTGGTGCTGGAGTTT
AAGTTGAGTAGTAGGAATGCGGTAGTAGTTAGGATAATATAAATAGTTAAATTAAGAATG
GTTATGTTAGGGTTGTACGGTAGAACTGCTATTATTCATCCTATGTGGGTAATTGAGGAG
TATGCTAAGATTTTGCGTAGCTGGGTTTGGTTTAATCCACCTCAACTGCCTGCTATGATG
GATAAGATTGAGAGAGTGAGGAGAAGGCTTACGTTTAGTGAGGGAGAGATTTGGTATATG
ATTGAGATGGGGGCTAGTTTTTGTCATGTGAGAAGAAGCAGGCCGGATGTCAGAGGGGTG
CCTTGGGTAACCTCTGGGACTCAGAAGTGAAAGGGGGCTATTCCTAGTTTTATTGCTATA
GCCATTATGATTATTAATGATGAGTATTGATTGGTAGTATTGGTTATGGTTCATTGTCCG
GAGAGTATATTGTTGAAGAGGATAGCTATTAGAAGGATTATGGATGCGGTTGCTTGCGTG
AGGAAATACTTGATGGCAGCTTCTGTGGAACGAGGGTTTATTTTTTTGGTTAGAACTGGA
ATAAAAGCTAGCATGTTTATTTCTAGGCCTACTCAGGTAAAAAATCAGTGCGAGCTTAGC
GCTGTGATGAGTGTGCCTGCAAAGATGGTAGAGTAGATGACGGGTTGGGCCAGGGGATTA
ATTAGTACGGGAAGGGTATAACCAACATTTTCGGGGTATGGGCCCGATAGCTTATTTAGC
TGACCTTACTTTAGGATGGGGTGTGATAGGTGGCACAGAGAATTTTGGATTCTCAGGGAT
GGGTTCGATTCTCATAGTCCTAGAAATAAGGGGGTTTAAGCTCCTATTATTTACTCTATC
AAAGTAACTCTTTTATCAGACATATTTCTTAGGTTTGAGGGGGAATGCTGGAGATTGTAA
TGGGTATGGAGACATGTCATATAAGTAATGCTAGGGTGAGTGGTAGGAAGTTTTTTCATA
GGAGGTGTATGAGTTGGTCGTAGCGGAATCGGGGGTATGCTGTTCGAATTCATAAGAACA
GGGAGGTTAGAAGTAGGGTCTTGGTGACAAAATATGTTGTGTAGAGTTCAGGGGAGAGTG
CGTCATATGTTGTTCCTAGGAAGATTGTAGTGGTGAGGGTGTTTATTATAATAATGTTTG
TGTATTCGGCTATGAAGAATAGGGCGAAGGGGCCTGCGGCGTATTCGATGTTGAAGCCTG
AGACTAGTTCGGACTCCCCTTCGGCAAGGTCGAAGGGGGTTCGGTTGGTCTCTGCTAGTG
TGGAGATAAATCATATTATGGCCAAGGGTCATGATGGCAGGAGTAATCAGAGGTGTTCTT
GTGTTGTGATAAGGGTGGAGAGGTTAAAGGAGCCACTTATTAGTAATGTTGATAGTAGAA
TGATGGCTAGGGTGACTTCATATGAGATTGTTTGGGCTACTGCTCGCAGTGCGCCGATCA
GGGCGTAGTTTGAGTTTGATGCTCACCCTGATCAGAGGATTGAGTAAACGGCTAGGCTAG
AGGTGGCTAGAATAAATAGGAGGCCTAGGTTGAGGTTGACCAGGGGGTTGGGTATGGGGA
GGGGGGTTCATAGTAGAAGAGCGATGGTGAGAGCTAAGGTCGGGGCGGTGATGTAGAGGG
TGATGGTAGATGTGGCGGGTTTTAGGGGCTCTTTGGTGAAGAGTTTTATGGCGTCAGCGA
AGGGTTGTAGTAGCCCGTAGGGGCCTACAACGTTGGGGCCTTTGCGTAGTTGTATATAGC
CTAGAATTTTTCGTTCGGTAAGCATTAGGAATGCCATTGCGATTAGAATGGGTACAATGA
GGAGTAGGAGGTTGGCCATGGGTATGTTGTTAAGAAGAGGAATTGAACCTCTGACTGTAA
AGTTTTAAGTTTTATGCGATTACCGGGCTCTGCCATCTTAACAAACCCTGTTCTTGGGTG
GGTGTGGGTATAATACTAAGTTGAGATGATATCATTTACGGGGGAAGGCGCTTTGTGAAG
TAGGCCTTATTTCTCTTGTCCTTTCGTACAGGGAGGAATTTGAAGTAGATAGAAACCGAC
CTGGATTACTCCGGTCTGAACTCAGATCACGTAGGACTTTAATCGTTGAACAAACGAACC
TTTAATAGCGGCTGCACCATCGGGATGTCCTGATCCAACATCGAGGTCGTAAACCCTATT
GTTGATATGGACTCTAGAATAGGATTGCGCTGTTATCCCTAGGGTAACTTGTTCCGTTGG
TCAAGTTATTGGATCAATTGAGTATAGTAGTTCGCTTTGACTGGTGAAGTCTTAGCATGT
ACTGCTCGGAGGTTGGGTTCTGCTCCGAGGTCGCCCCAACCGAAATTTTTAATGCAGGTT
TGGTAGTTTAGGACCTGTGGGTTTGTTAGGTACTGTTTGCATTAATAAATTAAAGCTCCA
TAGGGTCTTCTCGTCTTGCTGTGTCATGCCCGCCTCTTCACGGGCAGGTCAATTTCACTG
GTTAAAAGTAAGAGACAGCTGAACCCTCGTGGAGCCATTCATACAGGTCCCTATTTAAGG
AACAAGTGATTATGCTACCTTTGCACGGTTAGGGTACCGCGGCCGTTAAACATGTGTCAC
TGGGCAGGCGGTGCCTCTAATACTGGTGATGCTAGAGGTGATGTTTTTGGTAAACAGGCG
GGG
>NODE_1_length_11193_cov_5938.44_ID_6544854
CCCGCCATCATCCTAGTCCTCATCGCCCTCCCATCCCTACGCATCCTTTACATAACAGAC
GAGGTCAACGATCCCTCCCTTACCATCAAATCAATTGGCCACCAATGGTACTGAACCTAC
GAGTACACCGACTACGGCGGACTAATCTTCAACTCCTACATACTTCCCCCATTATTCCTA
GAACCAGGCGACCTGCGACTCCTTGACGTTGACAATCGAGTAGTACTCCCGATTGAAGCC
CCCATTCGTATAATAATTACATCACAAGACGTCTTGCACTCATGAGCTGTCCCCACATTA
GGCTTAAAAACAGATGCAATTCCCGGACGTCTAAACCAAACCACTTTCACCGCTACACGA
CCGGGGGTATACTACGGTCAATGCTCTGAAATCTGTGGAGCAAACCACAGTTTCATGCCC
ATCGTCCTAGAATTAATTCCCCTAAAAATCTTTGAAATAGGGCCCGTATTTACCCTATAG
CACCCCCTCTACCCCCTCTAGAGCCCACTGTAAAGCTAACTTAGCATTAACCTTTTAAGT
TAAAGATTAAGAGAACCAACACCTCTTTACAGTGAAATGCCCCAACTAAATACTACCGTA
TGGCCCACCATAATTACCCCCATACTCCTTACACTATTCCTCATCACCCAACTAAAAATA
TTAAACACAAACTACCACCTACCTCCCTCACCAAAGCCCATAAAAATAAAAAATTATAAC
AAACCCTGAGAACCAAAATGAACGAAAATCTGTTCGCTTCATTCATTGCCCCCACAATCC
TAGGCCTACCCGCCGCAGTACTGATCATTCTATTTCCCCCTCTATTGATCCCCACCTCCA
AATATCTCATCAACAACCGACTAATCACCACCCAACAATGACTAATCAAACTAACCTCAA
AACAAATGATAACCATACACAACACTAAAGGACGAACCTGATCTCTTATACTAGTATCCT
TAATCATTTTTATTGCCACAACTAACCTCCTCGGACTCCTGCCTCACTCATTTACACCAA
CCACCCAACTATCTATAAACCTAGCCATGGCCATCCCCTTATGAGCGGGCGCAGTGATTA
TAGGCTTTCGCTCTAAGATTAAAAATGCCCTAGCCCACTTCTTACCACAAGGCACACCTA
CACCCCTTATCCCCATACTAGTTATTATCGAAACCATCAGCCTACTCATTCAACCAATAG
CCCTGGCCGTACGCCTAACCGCTAACATTACTGCAGGCCACCTACTCATGCACCTAATTG
GAAGCGCCACCCTAGCAATATCAACCATTAACCTTCCCTCTACACTTATCATCTTCACAA
TTCTAATTCTACTGACTATCCTAGAAATCGCTGTCGCCTTAATCCAAGCCTACGTTTTCA
CACTTCTAGTAAGCCTCTACCTGCACGACAACACATAATGACCCACCAATCACATGCCTA
TCATATAGTAAAACCCAGCCCATGACCCCTAACAGGGGCCCTCTCAGCCCTCCTAATGAC
CTCCGGCCTAGCCATGTGATTTCACTTCCACTCCATAACGCTCCTCATACTAGGCCTACT
AACCAACACACTAACCATATACCAATGATGGCGCGATGTAACACGAGAAAGCACATACCA
AGGCCACCACACACCACCTGTCCAAAAAGGCCTTCGATACGGGATAATCCTATTTATTAC
CTCAGAAGTTTTTTTCTTCGCAGGATTTTTCTGAGCCTTTTACCACTCCAGCCTAGCCCC
TACCCCCCAATTAGGAGGGCACTGGCCCCCAACAGGCATCACCCCGCTAAATCCCCTAGA
AGTCCCACTCCTAAACACATCCGTATTACTCGCATCAGGAGTATCAATCACCTGAGCTCA
CCATAGTCTAATAGAAAACAACCGAAACCAAATAATTCAAGCACTGCTTATTACAATTTT
ACTGGGTCTCTATTTTACCCTCCTACAAGCCTCAGAGTACTTCGAGTCTCCCTTCACCAT
TTCCGACGGCATCTACGGCTCAACATTTTTTGTAGCCACAGGCTTCCACGGACTTCACGT
CATTATTGGCTCAACTTTCCTCACTATCTGCTTCATCCGCCAACTAATATTTCACTTTAC
ATCCAAACATCACTTTGGCTTCGAAGCCGCCGCCTGATACTGGCATTTTGTAGATGTGGT
TTGACTATTTCTGTATGTCTCCATCTATTGATGAGGGTCTTACTCTTTTAGTATAAATAG
TACCGTTAACTTCCAATTAACTAGTTTTGACAACATTCAAAAAAGAGTAATAAACTTCGC
CTTAATTTTAATAATCAACACCCTCCTAGCCTTACTACTAATAATTATTACATTTTGACT
ACCACAACTCAACGGCTACATAGAAAAATCCACCCCTTACGAGTGCGGCTTCGACCCTAT
ATCCCCCGCCCGCGTCCCTTTCTCCATAAAATTCTTCTTAGTAGCTATTACCTTCTTATT
ATTTGATCTAGAAATTGCCCTCCTTTTACCCCTACCATGAGCCCTACAAACAACTAACCT
GCCACTAATAGTTATGTCATCCCTCTTATTAATCATCATCCTAGCCCTAAGTCTGGCCTA
TGAGTGACTACAAAAAGGATTAGACTGAGCCGAATTGGTATATAGTTTAAACAAAACGAA
TGATTTCGACTCATTAAATTATGATAATCATATTTACCAAATGCCCCTCATTTACATAAA
TATTATACTGGCATTTACCATCTCACTTCTAGGAATACTAGTATATCGCTCACACCTCAT
ATCCTCCCTACTATGCCTAGAAGGAATAATACTATCGCTGTTCATTATAGCTACTCTCAT
AACCCTCAACACCCACTCCCTCTTAGCCAATATTGTGCCTATTGCCATACTAGTCTTTGC
CGCCTGCGAAGCAGCGGTGGGCCTAGCCCTACTAGTCTCAATCTCCAACACATATGGCCT
AGACTACGTACATAACCTAAACCTACTCCAATGCTAAAACTAATCGTCCCAACAATTATA
TTACTACCACTGACATGACTTTCCAAAAAACACATAATTTGAATCAACACAACCACCCAC
AGCCTAATTATTAGCATCATCCCTCTACTATTTTTTAACCAAATCAACAACAACCTATTT
AGCTGTTCCCCAACCTTTTCCTCCGACCCCCTAACAACCCCCCTCCTAATACTAACTACC
TGACTCCTACCCCTCACAATCATGGCAAGCCAACGCCACTTATCCAGTGAACCACTATCA
CGAAAAAAACTCTACCTCTCTATACTAATCTCCCTACAAATCTCCTTAATTATAACATTC
ACAGCCACAGAACTAATCATATTTTATATCTTCTTCGAAACCACACTTATCCCCACCTTG
GCTATCATCACCCGATGAGGCAACCAGCCAGAACGCCTGAACGCAGGCACATACTTCCTA
TTCTACACCCTAGTAGGCTCCCTTCCCCTACTCATCGCACTGATTTACACTCACAACACC
CTAGGCTCACTAAACATTCTACTACTCACTCTCACTGCCCAAGAACTATCAAACTCCTGA
GCCAACAACTTAATATGACTAGCTTACACAATAGCTTTTATAGTAAAAATACCTCTTTAC
GGACTCCACTTATGACTCCCTAAAGCCCATGTCGAAGCCCCCATCGCTGGGTCAATAGTA
CTTGCCGCAGTACTCTTAAAACTAGGCGGCTATGGTATAATACGCCTCACACTCATTCTC
AACCCCCTGACAAAACACATAGCCTACCCCTTCCTTGTACTATCCCTATGAGGCATAATT
ATAACAAGCTCCATCTGCCTACGACAAACAGACCTAAAATCGCTCATTGCATACTCTTCA
ATCAGCCACATAGCCCTCGTAGTAACAGCCATTCTCATCCAAACCCCCTGAAGCTTCACC
GGCGCAGTCATTCTCATAATCGCCCACGGACTTACATCCTCATTACTATTCTGCCTAGCA
AACTCAAACTACGAACGCACTCACAGTCGCATCATAATCCTCTCTCAAGGACTTCAAACT
CTACTCCCACTAATAGCTTTTTGATGACTTCTAGCAAGCCTCGCTAACCTCGCCTTACCC
CCCACTATTAACCTACTGGGAGAACTCTCTGTGCTAGTAACCACGTTCTCCTGATCAAAT
ATCACTCTCCTACTTACAGGACTCAACATACTAGTCACAGCCCTATACTCCCTCTACATA
TTTACCACAACACAATGGGGCTCACTCACCCACCACATTAACAACATAAAACCCTCATTC
ACACGAGAAAACACCCTCATGTTCATACACCTATCCCCCATTCTCCTCCTATCCCTCAAC
CCCGACATCATTACCGGGTTTTCCTCTTGTAAATATAGTTTAACCAAAACATCAGATTGT
GAATCTGACAACAGAGGCTTACGACCCCTTATTTACCGAGAAAGCTCACAAGAACTGCTA
ACTCATGCCCCCATGTCTAACAACATGGCTTTCTCAACTTTTAAAGGATAACAGCTATCC
ATTGGTCTTAGGCCCCAAAAATTTTGGTGCAACTCCAAATAAAAGTAATAACCATGCACA
CTACTATAACCACCCTAACCCTGACTTCCCTAATTCCCCCCATCCTTACCACCCTCGTTA
ACCCTAACAAAAAAAACTCATACCCCCATTATGTAAAATCCATTGTCGCATCCACCTTTA
TTATCAGTCTCTTCCCCACAACAATATTCATGTGCCTAGACCAAGAAGTTATTATCTCGA
ACTGACACTGAGCCACAACCCAAACAACCCAGCTCTCCCTAAGCTTCAAACTAGACTACT
TCTCCATAATATTCATCCCTGTGGCATTGTTCGTTACATGGTCCATCATAGAATTCTCAC
TGTGATATATAAACTCAGACCCAAACATTAATCAGTTCTTCAAATATCTACTCATCTTCC
TAATTACCATACTAATCTTAGTTACCGCTAACAACCTATTCCAACTGTTCATCGGCTGAG
AGGGCGTAGGAATTATATCCTTCTTGCTCATCAGTTGATGATACGCCCGAGCAGATGCCA
ACACAGCAGCCATTCAAGCAATCCTATACAACCGTATCGGCGATATCGGTTTCATCCTCG
CCTTAGCATGATTTATCCTACACTCCAACTCATGAGACCCACAACAAATAGCCCTTCTAA
ACGCTAATCCAAGCCTCACCCCACTACTAGGCCTCCTCCTAGCAGCAGCAGGCAAATCAG
CCCAATTAGGTCTCCACCCCTGACTCCCCTCAGCCATAGAAGGCCCCACCCCAGTCTCAG
CCCTACTCCACTCAAGCACTATAGTTGTAGCAGGAATCTTCTTACTCATCCGCTTCCACC
CCCTAGCAGAAAATAGCCCACTAATCCAAACTCTAACACTATGCTTAGGCGCTATCACCA
CTCTGTTCGCAGCAGTCTGCGCCCTTACACAAAATGACATCAAAAAAATCGTAGCCTTCT
CCACTTCAAGTCAACTAGGACTCATAATAGTTACAATCGGCATCAACCAACCACACCTAG
CATTCCTGCACATCTGTACCCACGCCTTCTTCAAAGCCATACTATTTATGTGCTCCGGGT
CCATCATCCACAACCTTAACAATGAACAAGATATTCGAAAAATAGGAGGACTACTCAAAA
CCATACCTCTCACTTCAACCTCCCTCACCATTGGCAGCCTAGCATTAGCAGGAATACCTT
TCCTCACAGGTTTCTACTCCAAAGACCACATCATCGAAACCGCAAACATATCATACACAA
ACGCCTGAGCCCTATCTATTACTCTCATCGCTACCTCCCTGACAAGCGCCTATAGCACTC
GAATAATTCTTCTCACCCTAACAGGTCAACCTCGCTTCCCCACCCTTACTAACATTAACG
AAAATAACCCCACCCTACTAAACCCCATTAAACGCCTGACAGCCGGAAGCCTGTTCGCAG
GATTTCTCATTACTAACAACATTTCCCCCGCATCCCCCTTCCAAACAACAATCCCCCTCT
ACCTAAAACTCACAGCCCTCGCTGTCACTTTCCTAGGACTCCTAACAGCCCTAGACCTCA
ACTACCTAACCAACAAACTTAAAATAAAATCCCCACTATGCACATTTTATTTCTCCAACA
TACTCGGATTCTACCCTAGCATCACACACCGCACAATCCCCTATCTAGGCCTTCTTACGA
GCCAAAACCTGCCCCTACTCCTCCTAGACCTAACCTGACTAGAAAAGCTATTACCTAAAA
CAATTTCACAGCACCAAATCTCCACCTCCATCATCACCTCAACCCAAAAAGGCATAATTA
AACTTTACTTCCTCTCTTTCTTCTTCCCACTCATCCTAACCCTGCTCCTAATCACATAAC
CTATTCCCCCGAGCAATCTCAATTACAATATATACACCAACAAACAATGTTCAACCAGTA
ACTACTACTAATCAACGCCCATAATCATACAAAGCCCCCGCACCAATAGGATCCTCCCGA
ATCAACCCTGACCCCTCTCCTTCATAAATTATTCAGCTTCCTACACTATTAAAGTTTACC
ACAACCACCACCCCATCATACTCTTTCACCCACAGCACCAATCCTACCTCCATCGCTAAC
CCCACTAAAACACTCACCAAGACCTCAACCCCTGACCCCCATGCCTCAGGATACTCCTCA
ATAGCCATCGCTGTAGTATATCCAAAGACAACCATCATTCCCCCTAAATAAATTAAAAAA
ACTATTAAACCCATATAACCTCCCCCAAAATTCAGAATAATAACACACCCGACCACACCG
CTAACAATCAATACTAAACCCCCATAAATAGGAGAAGGCTTAGAAGAAAACCCCACAAAC
CCCATTACTAAACCCACACTCAACAGAAACAAAGCATACATCATTATTCTCGCACGGACT
ACAACCACGACCAATGATATGAAAAACCATCGTTGTATTTCAACTACAAGAACACCAATG
ACCCCAATACGCAAAATTAACCCCCTAATAAAATTAATTAACCACTCATTCATCGACCTC
CCCACCCCATCCAACATCTCCGCATGATGAAACTTCGGCTCACTCCTTGGCGCCTGCCTG
ATCCTCCAAATCACCACAGGACTATTCCTAGCCATGCACTACTCACCAGACGCCTCAACC
GCCTTTTCATCAATCGCCCACATCACTCGAGACGTAAATTATGGCTGAATCATCCGCTAC
CTTCACGCCAATGGCGCCTCAATATTCTTTATCTGCCTCTTCCTACACATCGGGCGAGGC
CTATATTACGGATCATTTCTCTACTCAGAAACCTGAAACATCGGCATTATCCTCCTGCTT
GCAACTATAGCAACAGCCTTCATAGGCTATGTCCTCCCGTGAGGCCAAATATCATTCTGA
GGGGCCACAGTAATTACAAACTTACTATCCGCCATCCCATACATTGGGACAGACCTAGTT
CAATGAATCTGAGGAGGCTACTCAGTAAACAGTCCCACCCTCACACGATTCTTTACCTTT
CACTTCATCTTGCCCTTCATTATTGCAGCCCTAGCAGCACTCCACCTCCTATTCTTGCAC
GAAACGGGATCAAACAACCCCCTAGGAATCACCTCCCATTCCGATAAAATCACCTTCCAC
CCTTACTACACAATCAAAGACGCCCTCGGCTTACTTCTCTTCATTCTCTCCTTAATGACA
TTAACACTATTCTCACCAGACCTCCTAGGCGACCCAGACAATTATACCCTAGCCAACCCC
TTAAACACCCCTCCCCACATCAAGCCCGAATGATATTTCCTATTCGCCTACACAATTCTC
CGATCCGTCCCTAACAAACTAGGAGGCGTCCTTGCCCTATTACTATCCATCCTCATCCTA
GCAATAATCCCCATCCTCCATATATCCAAACAACAAAGCATAATATTTCGCCCACTAAGC
CAATCACTTTATTGACTCCTAGCCGCAGACCTCCTCATTCTAACCTGAATCGGAGGACAA
CCAGTAAGCTACCCTTTTACCATCATTGGACAAGTAGCATCCGTACTATACTTCACAACA
ATCCTAATCCTAATACCAACTATCTCCCTAATTGAAAACAAAATACTCAAATGGGCCTGT
CCTTGTAGTATAAACTAATACACCAGTCTTGTAAACCGGAGATGAAAACCTTTTTCCAAG
GACAAATCAGAGAAAAAGTCTTTAACTCCACCATTAGCACCCAAAGCTAAGATTCTAATT
TAAACTATTCTCTGTTCTTTCATGGGGAAGCAGATTTGGGTACCACCCAAGTATTGACTT
ACCCATCAACAACCGCTATGTATTTCGTACATTACTGCCAGCCACCATGAATATTGCACG
GTACCATAAATACTTAACCACCTGTAGTACATAAAAACCCAATCCACATCAAAACCCCCT
CCCCATGCTTACAAGCAAGTACAGCAATCAACCCTCAACTACCACACATCAACTGCAACT
CCAAAGCCACCTCTCACCCACTAGGATACCAACAAACCTACCCACCCTTAACAGTACATA
GTACATAAAGCCATTTACCGTACATAGCACATTACAGTCAAATCCCTTCTCGTCCCCATG
GATGACCCCCCTCAGATAGGGGTCCCTTGACCACCATCCTCCGTGAAATCAATATCCCGC
ACAAGAGTGCTACTCTCCTCGCTCCGGGCCCATAACACTTGGGGGTAGCTAAAGTGAACT
GTATCCGACATCTGGTTCCTACTTCAGGGTCATAAAGCCTAAATAGCCCACACGTTCCCC
TTAAATAAGACATCACGATGGATCACAGGTCTATCACCCTATTAACCACTCACGGGAGCT
CTCCATGCATTTGGTATTTTCGTCTGGGGGGTGTGCACGCGATAGCATTGCGAGACGCTG
GAGCCGGAGCACCCTATGTCGCAGTATCTGTCTTTGATTCCTGCCTCATTCCATTATTTA
TCGCACCTACGTTCAATATTACAGGCGAACATACCTACTAAAGTGTGTTAATTAGTTAAT
GCTTGTAGGACATAATAATAACAATTGAATGTCTGCACAGCCGCTTTCCACACAGACATC
ATAACAAAAAATTTTCACCAAACCCCCCCTTCCCCCCGCTCCTGGCCACAGCACTTAAAC
ACATCTCTGCCAAACCCCAAAAACAAAGAACCCTAACACCAGCCTAACCAGATTTCAAAT
TTTATCTTTTGGCGGTATGCACTTTTAACAGTCACCCCCCAACTAACACATTATTTTCCC
CTCCCACTCCCATACTACTAATCTCATCAACACAACCCCCGCCCATCCTACCCAACACAC
ACACACCGCTGCTAACCCCATACCCCGAACCAACCAAACCCCAAAGACACCCCCCACAGT
TTATGTAGCTTACCTCCTCAAAGCAATACACTGAAAATGTTTAGACGGGCTCACATCACC
CCATAAACAAATAGGTTTGGTCCTAGCCTTTCTATTAGCTCTTAGTAAGATTACACATGC
AAGCATCCCCGTTCCAGTGAGTTCACCCTCTAAATCACCACGATCAAAAGGGACAAGCAT
CAAGCACGCAGCAATGCAGCTCAAAACGCTTAGCCTAGCCACACCCCCACGGGAAACAGC
AGTGATTAACCTTTAGCAATAAACGAAAGTTTAACTAAGCTATACTAACCCCAGGGTTGG
TCAATTTCGTGCCAGCCACCGCGGTCACACGATTAACCCAAGTCAATAGAAGCCGGCGTA
AAGAGTGTTTTAGATCACCCCCTCCCCAATAAAGCTAAAACTCACCTGAGTTGTAAAAAA
CTCCAGTTGACACAAAATAGACTACGAAAGTGGCTTTAACATATCTGAACACACAATAGC
TAAGACCCAAACTGGGATTAGATACCCCACTATGCTTAGCCCTAAACCTCAACAGTTAAA
TCAACAAAACTGCTCGCCAGAACACTACGAGCCACAGCTTAAAACTCAAAGGACCTGGCG
GTGCTTCATATCCCTCTAGAGGAGCCTGTTCTGTAATCGATAAACCCCGATCAACCTCAC
CACCTCTTGCTCAGCCTATATACCGCCATCTTCAGCAAACCCTGATGAAGGCTACAAAGT
AAGCGCAAGTACCCACGTAAAGACGTTAGGTCAAGGTGTAGCCCATGAGGTGGCAAGAAA
TGGGCTACATTTTCTACCCCAGAAAACTACGATAGCCCTTATGAAACTTAAGGGTCGAAG
GTGGATTTAGCAGTAAACTGAGAGTAGAGTGCTTAGTTGAACAGGGCCCTGAAGCGCGTA
CACACCGCCCGTCACCCTCCTCAAGTATACTTCAAAGGACATTTAACTAAAACCCCTACG
CATTTATATAGAGGAGACAAGTCGTAACATGGTAAGTGTACTGGAAAGTGCACTTGGACG
AACCAGAGTGTAGCTTAACACAAAGCACCCAACTTACACTTAGGAGATTTCAACTTAACT
TGACCGCTCTGAGCTAAACCTAGCCCCAAACCCACTCCACCTTACTACCAGACAACCTTA
GCCAAACCATTTACCCAAATAAAGTATAGGCGATAGAAATTGAAACCTGGCGCAATAGAT
ATAGTACCGCAAGGGAAAGATGAAAAATTATAACCAAGCATAATATAGCAAGGACTAACC
CCTATACCTTCCGCATAATGAATTAACTAGAAATAACTTTGCAAGGAGAGCCAAAGCTAA
GACCCCCGAAACCAGACGAGCTACCTAAGAACAGCTAAAAGAGCACACCCGTCTATGTAG
CAAAATAGTGGGAAGATTTATAGGTAGAGGCGACAAACCTACCGAGCCTGGTGATAGCTG
GTTGTCCAAGATAGAATCTTAGTTCAACTTTAAATTTGCCCACAGAACCCTCTAAATCCC
CTTGTAAATTTAACTGTTAGTCCAAAGAGGAACAGCTCTTTGGACACTAGGAAAAAACCT
TGTAGAGAGAGTAAAAAATTTAACACCCATAGTAGGCCTAAAAGCAGCCACCAATTAAGA
AAGCGTTCAAGCTCAACACCCACTACCTAAAAAATCCCAAACATATAACTGAACTCCTCA
CACCCAATTGGACCAATCTATCACCCTATAGAAGAACTAATGTTAGTATAAGTAACATGA
AAACATTCTCCTCCGCATAAGCCTGCGTCAGATTAAAACACTGAACTGACAATTAACAGC
CCAATATCTACAATCAACCAACAAGTCATTATT
