NODE_1_length_16699_cov_5936.75_ID_2212024	2244	D	1	13112	146	1.11	0.0	0.0	41.8	51.4	0.0	0.0	0.0	100.0	100.0	100.0	60	0.139976227514	0.0523540859969	146,146,0,0,85,61,75,71,0,0,80,0
NODE_1_length_16699_cov_5936.75_ID_2212024	10057	D	1	34016	1259	3.7	0.0	0.0	48.3	53.1	0.0	0.0	0.0	100.0	100.0	100.0	60	0.0684257730542	0.0834355561259	1259,1259,0,0,651,608,669,590,0,0,835,0
NODE_1_length_16699_cov_5936.75_ID_2212024	14511	D	1	4112	98	2.38	0.0	0.0	9.2	69.4	0.0	0.0	0.0	100.0	100.0	100.0	60	1.08906152628	0.423929722265	98,98,0,0,89,9,68,30,0,0,46,0
NODE_1_length_16699_cov_5936.75_ID_2212024	14724	D	2	2762	94	3.4	0.0	0.0	73.4	62.8	0.0	0.0	0.0	100.0	100.0	100.0	60	0.0485283024196	0.205656304276	94,94,0,0,25,69,59,35,0,0,27,0
NODE_1_length_16699_cov_5936.75_ID_2212024	16669	D	1	1672	20	1.2	0.0	0.0	35.0	55.0	0.0	0.0	0.0	100.0	100.0	95.0	60	1.50898626445	0.197458677102	20,20,0,0,13,7,11,9,0,0,4,0
