NODE_1_length_16699_cov_5936.75_ID_2212024	2244	D	1	27553	233	0.85	0.0	0.0	49.8	48.9	0.0	0.0	0.0	100.0	100.0	100.0	60	0.121053905863	0.037329518441	233,233,0,0,117,116,114,119,0,0,165,0
NODE_1_length_16699_cov_5936.75_ID_2212024	10057	D	1	39166	1362	3.48	0.0	0.0	46.3	50.0	0.0	0.0	0.1	99.9	99.9	99.9	60	0.0807346224732	0.0374946577518	1362,1362,0,0,732,630,681,681,0,0,1077,0
NODE_1_length_16699_cov_5936.75_ID_2212024	14511	D	1	4208	70	1.66	0.0	0.0	4.3	77.1	0.0	0.0	0.0	100.0	100.0	98.6	60	1.56420263771	0.877569978808	70,70,0,0,67,3,54,16,0,0,27,0
NODE_1_length_16699_cov_5936.75_ID_2212024	14724	D	2	3490	88	2.52	0.0	0.0	62.5	59.1	0.0	0.0	0.0	100.0	100.0	100.0	60	0.120486395254	0.28386392605	88,88,0,0,33,55,52,36,0,0,43,0
NODE_1_length_16699_cov_5936.75_ID_2212024	16669	D	1	3522	39	1.11	0.0	0.0	53.8	61.5	0.0	0.0	0.0	100.0	100.0	84.6	60	0.709935968181	0.287731229505	39,39,0,0,18,21,24,15,0,0,18,0
