>NODE_5_length_400_cov_0.772894_ID_1709710
ACCCCCCTCCTAATACTAACTACCTGACTCCCACCCCTCACAAGCATGGCAAACCAACGCCACTTATCCA
GTGAACCACTATCTCGACAAAAACTCTACCTCTCGATACTAATCTCCCTACAAATCTCCTTTATTATAAC
ATTCACAACCACATAACTAATCATATTTTATATCTTCTTCGAAACCACACTTATCCCCACCTTTGCTATC
ATCACCCGACGAGGCAAACACCCAGAACTCCTCAACGCAGGCACATACTTCCTATCCTACTACCTAGTAG
GCTGCCTTCCCCTTCTCATCGCACTAATTTACACCCACAACACCCTAGGCCCACTAAACTCTCTACTACT
AACTCCCACATCCCTAGAACTACCAAATGCGATAGCCAACAACTTAATAT
>NODE_3_length_436_cov_2.10032_ID_3292932
CACAATTCTGTTTTTTTTTTCAAGCAGAAGACGGCATACGATATCATGCCTAGTCTCGTGGGCTCGGAGA
TGTGTATAAGAGACAGCCTTACACTATTCCTCATCACCCAACTAAAAATATTAAACGCAAACTACCACCT
ACCTCCCTCACCAAAGCCCATAAAAATAAAAAATTATAACAAACCCTGAGAACCAAAATGAACGAAAATC
TGTTCGCTTCATTCATTGCCCCCACAATCCTAGGCCTACCCCTGTCTCTTATACACATCTCCGAGCCCAT
GAGACTAGGCATGATCTCGTATGCCGTCTTCTGCTTGAAAAAAAAAAATACACAACGTATCACGTATCCT
TCTGCTCCTGTGTATATACTCTAGTATTCTAATCAATTGTAGTAAATGGTATACATGACACAACACAGAG
CCACGACGCATCGTCC
>NODE_2_length_455_cov_8.64024_ID_3296098
CTGTCAACCCAACACAGGCATGCTCATAAGGAAAGGTTAAAAAAAGTAAAAGGAACTCGG
CAAATCTTACCCCGCCTGTTTACCAAAAACATCACCTCGACCATCCCCAGCATTGACAGC
ACCGCCTGCCCAGTGACACATGTTTAACGGCCGCGGTAACCTAACCGTGCAAAGGTAGCA
TAATCACTTGTTCCTTAAATAGGGACCTGTATGAATGGCTCCACGAGGGTTCAGCTGTCT
CTTACTTTTAACCAGTGAAATTGACCTGCCCGTGAAGAGGCGGGCATAACACAGCAAGAC
GAGAAGACCCTATGGAGCTTTAATTTATTAATGCAAACAGTACCTAACAAAACCACAGGT
CCTAAAATAACAAACCTGCATTAAAAAATTTGGTTGGGGCGACCTCGGAGCAGAACCCAA
CCTCCGCGCAGGACATGCTAAGACTTCACCAGACA
>NODE_4_length_413_cov_1.7972_ID_3292664
CTCGGAGATGTGTATAAGAGACAGATACATAGCGGTTGTTGATGGCTGAATCAATACTTGGGTGGTCCCC
AAGTATTGACTCACCCATCAACAACCGCTATGTATTTCGTACATTACTGCCAGCCACCATGAATATTGTA
CGGTACCATAAATACTTGACCACCTGTAGTACATAAAAACCCAATCCACATCAAAACCCCCTCCCCATGC
TTACAAGCAAGTACAGCAATCAACCCTCAACTATCACACATCTGTCTCTTATACACATCTCCGAGCCCAC
GAGACTAGGCATGATCTCGTATGCCGTCTTCTGCTTGAAAAAAAAAAAAATTAAATTGCAAAAACAATAC
CTCCCGCCACATAATCCTACGACACATCTCTTCCGCGTAGACCAGATCGTGACGAACGCAAGT
>NODE_6_length_398_cov_1.21402_ID_1821966
AACCCTACTAATCGCAAACTCCAACACATATGGCCTAGACTACGTACATAGCCTAAACCTACTCCAATGC
TAAAACTAATCGTCCCAACAATTATATTACAACCACTGACATGACTTTCCAAAAAACACATAATTTGAAT
CAACACAACCACCCACAGCCTAATTATTAGCATCATCCCTCTACTATTTTTAAACCAAATCAACAACAAC
CTATTTAGCTGTTCCCCAACCTTTTCCTCCGACCCCCTAACAACCCCCCTCCTAATACTAACTACCTGAC
TCCTACCCCTCACAATCATGGCAAGCCAACGCCACTTAACCAGTGAACCACTATCACGAAAAAAACTCTA
CCTCTCTATACTAACCTCCCTACAAACCTCCTTAATTATAACATTCAC
>NODE_8_length_386_cov_0.88417_ID_1835824
CCCTAGGCACAGCTCTAAGCCTCCTTATTCGAGCCACGCTGGGCCAACCAGGCAACCTTC
TAGGTAACGACCGCATCTACAACGTGATCGGAACAGCCCATGCATTTGTAATAATCTTCT
TCATAGGAATACCCATCATAATCGGAGGCTTTGGCAACTGACTAGTTCCCCTAATAATCG
GTGCCCCCTATATGGCGTTTCCCCGCATAAACAACATAAGATTCTGACTCTTACCTCCCT
CTCTCCTACTACTGCTCGCATCTGCTATAGTGGAGGCCGGAGCAGGAACAGGTTGAACAG
TCTACCCTACCTTAGCAGGGAACTACTCCCACCCTGGAGCTTCCGTAGACCTAACCATCT
TCTCCTTACACCTATCAGGTGTCTGC
>NODE_7_length_391_cov_1.39773_ID_3288638
CTACCCCTCACAATCATGGCAAGCCAACGCCACTTATCCAGTGAACCACTATCACGAAAA
AAACTCTACCTCTCTTTACTAATCTCCCTACAAATCTCCTTAATTATAACATTCACAGCC
ACAGAACTAATCATATTTTATATCTTCTTCGAACCCACACTTATCCCCACCTTGGCTATC
ATCACCCGATGAGGCAACCAGCCAGAACGCCTGAACGCAGGCACATACTTCCTATTCTAC
ACCCTAGTAGGCTCCCTTCCCCTACTCATCGCTCTAATTTACACTCACAACACCCTAGGC
TCACTAAACATTCTACTACTCACTCTCACTGCCCAAGAACTATCAAACTCCTGAGCCAAT
AACTTAATATGACTAGCTTACACAATAGCTT
>NODE_9_length_384_cov_3.48638_ID_3294714
ACCTTCTAGGTAACGACCACATCTACAACGTTATCGTCACAGCCCATGCATTTGTAATAA
TCTTCTTCATAGTAATACCCATCATAATCGGAGGCTTTGGCAACTGACTAGTTCCCCTAA
TAATCGGTGCCCCCGATATGGCGTTTCCCCGCATAAACAACATAAGCTTCTGACTCTTAC
CTCCCTCTCTCCTACTCCTGCTCGCATCTGCTATAGTGGAGGCCGGAGCAGGAACAGGTT
GAACCTGTCTCTTATACACATCTCCGAGCCCACGAGACTAGGCATGATATCGTATGCCGT
CTTCTGCTTGAAAAAAAAAAAAAGAAGATGCGTGCATACTCATGTTGTTACTTGCTTTAC
ATAGCTATGAAGTCACTACATTATA
>NODE_1_length_16695_cov_3702.03_ID_3299262
AGTCTTTAACTCCACCATTAGCACCCAAAGCTAAGATTCTAATTTAAACTATTCTCTGTTCTTTCATGGG
GAAGCAGATTTGGGTACCACCCAAGTATTGACTCACCCATCAACAACCGCTATGTATTTCGTACATTACT
GCCAGCCACCATGAATATTGTACGGTACCATAAATACTTGACCACCTGTAGTACATAAAAACCCAATCCA
CATCAAAACCCCCTCCCCATGCTTACAAGCAAGTACAGCAATCAACCCTCAACTATCACACATCAACTGC
AACTCCAAAGCCACCTCTCACCCACTAGGATACCAACAAACCTACTCACCCTTAACAGTACATAGCACAT
AAAGCCATTTACCGTACATAGCACATTACAGTCAAATCCCTTCTCGCCCCCATGGATGACCCCCCTCAGA
TAGGGGTCCCTTGACCACCATCCTCCGTGAAATCAATATCCCGCACAAGAGTGCTACTCTCCTCGCTCCG
GGCCCATAACACTTGGGGGTAGCTAAAGTGAACTGTATCCGACATCTGGTTCCTACTTCAGGGCCATAAA
GCCTAAATAGCCCACACGTTCCCCTTAAATAAGACATCACGATGGATCACAGGTCTATCACCCTATTAAC
CACTCACGGGAGCTCTCCATGCATTTGGTATTTTCGTCTGGGGGGTATGCACGCGATAGCATTGCGAGAC
GCTGGAGCCGGAGCACCCTATGTCGCAGTATCTGTCTTTGATTCCTGCCTCATCCTATTATTTATCGCAC
CTACGTTCAATATTACAGGCGAACATACTTACTGAAGTGTGTTAATTAATTAATGCTTGTAGGACATAAT
AATAACAATTGAATGTCTGCACAGCCGCTTTCCACACAGACATCATAACAAAAAATTTCCACCAAACCCC
CCCCTCCCCCCGCTTCTGGCCACAGCACTTAAACACATCTCTGCCAAACCCCAAAAACAAAGAACCCTAA
CACCAGCCTAACCAGATTTCAAATTTTATCTTTTGGCGGTATGCACTTTTAACAGTCACCCCCCAACTAA
CACATTATTTTCCCCTCCCACTCCCATACTACTAATCTCATCAATACAACCCCCGCCCATCCTACCCAGC
ACACACACCGCTGCTAACCCCATACCCCGAACCAACCAAACCCCAAAGACACCCCCCACAGTTTATGTAG
CTTACCTCCTCAAAGCAATACACTGAAAATGTTTAGACGGGCTCACATCACCCCATAAACAAATAGGTTT
GGTCCTAGCCTTTCTATTAGCTCTTAGTAAGATTACACATGCAAGCATCCCCGTTCCAGTGAGTTCACCC
TCTAAATCACCACGATCAAAAGGGACAAGCATCAAGCACGCAGCAATGCAGCTCAAAACGCTTAGCCTAG
CCACACCCCCACGGGAAACAGCAGTGATTAACCTTTAGCAATAAACGAAAGTTTAACTAAGCTATACTAA
CCCCAGGGTTGGTCAATTTCGTGCCAGCCACCGCGGTCACACGATTAACCCAAGTCAATAGAAGCCGGCG
TAAAGAGTGTTTTAGATCACCCCCTCCCCAATAAAGCTAAAACTCACCTGAGTTGTAAAAAACTCCAGTT
GACACAAAATAGACTACGAAAGTGGCTTTAACATATCTGAACACACAATAGCTAAGACCCAAACTGGGAT
TAGATACCCCACTATGCTTAGCCCTAAACCTCAACAGTTAAATCAACAAAACTGCTCGCCAGAACACTAC
GAGCCACAGCTTAAAACTCAAAGGACCTGGCGGTGCTTCATATCCCTCTAGAGGAGCCTGTTCTGTAATC
GATAAACCCCGATCAACCTCACCACCTCTTGCTCAGCCTATATACCGCCATCTTCAGCAAACCCTGATGA
AGGCTACAAAGTAAGCGCAAGTACCCACGTAAAGACGTTAGGTCAAGGTGTAGCCCATGAGGTGGCAAGA
AATGGGCTACATTTTCTACCCCAGAAAACTACGATAGCCCTTATGAAACTTAAGGGTCGAAGGTGGATTT
AGCAGTAAACTGAGAGTAGAGTGCTTAGTTGAACAGGGCCCTGAAGCGCGTACACACCGCCCGTCACCCT
CCTCAAGTATACTTCAAAGGACATTTAACTAAAACCCCTACGCATTTATATAGAGGAGACAAGTCGTAAC
ATGGTAAGTGTACTGGAAAGTGCACTTGGACGAACCAGAGTGTAGCTTAACACAAAGCACCCAACTTACA
CTTAGGAGATTTCAACTTAACTTGACCGCTCTGAGCTAAACCTAGCCCCAAACCCACTCCACCTTACTAC
CAGACAACCTTAGCCAAACCATTTACCCAAATAAAGTATAGGCGATAGAAATTGAAACCTGGCGCAATAG
ATATAGTACCGCAAGGGAAAGATGAAAAATTATAACCAAGCATAATATAGCAAGGACTAACCCCTATACC
TTCTGCATAATGAATTAACTAGAAATAACTTTGCAAGGAGAGCCAAAGCTAAGACCCCCGAAACCAGACG
AGCTACCTAAGAACAGCTAAAAGAGCACACCCGTCTATGTAGCAAAATAGTGGGAAGATTTATAGGTAGA
GGCGACAAACCTACCGAGCCTGGTGATAGCTGGTTGTCCAAGATAGAATCTTAGTTCAACTTTAAATTTG
CCCACAGAACCCTCTAAATCCCCTTGTAAATTTAACTGTTAGTCCAAAGAGGAACAGCTCTTTGGACACT
AGGAAAAAACCTTGTAGAGAGAGTAAAAAATTTAACACCCATAGTAGGCCTAAAAGCAGCCACCAATTAA
GAAAGCGTTCAAGCTCAACACCCACTACCTAAAAAATCCCAAACATATAACTGAACTCCTCACACCCAAT
TGGACCAATCTATCACCCTATAGAAGAACTAATGTTAGTATAAGTAACATGAAAACATTCTCCTCCGCAT
AAGCCTGCGTCAGATTAAAACACTGAACTGACAATTAACAGCCCAATATCTACAATCAACCAACAAGTCA
TTATTACCCTCACTGTCAACCCAACACAGGCATGCTCATAAGGAAAGGTTAAAAAAAGTAAAAGGAACTC
GGCAAATCTTACCCCGCCTGTTTACCAAAAACATCACCTCTAGCATCACCAGTATTAGAGGCACCGCCTG
CCCAGTGACACATGTTTAACGGCCGCGGTACCCTAACCGTGCAAAGGTAGCATAATCACTTGTTCCTTAA
ATAGGGACCTGTATGAATGGCTCCACGAGGGTTCAGCTGTCTCTTACTTTTAACCAGTGAAATTGACCTG
CCCGTGAAGAGGCGGGCATAACACAGCAAGACGAGAAGACCCTATGGAGCTTTAATTTATTAATGCAAAC
AGTACCTAACAAACCCACAGGTCCTAAACTACCAAACCTGCATTAAAAATTTCGGTTGGGGCGACCTCGG
AGCAGAACCCAACCTCCGAGCAGTACATGCTAAGACTTCACCAGTCAAAGCGAACTACTATACTCAATTG
ATCCAATAACTTGACCAACGGAACAAGTTACCCTAGGGATAACAGCGCAATCCTATTCTAGAGTCCATAT
CAACAATAGGGTTTACGACCTCGATGTTGGATCAGGACATCCCGATGGTGCAGCCGCTATTAAAGGTTCG
TTTGTTCAACGATTAAAGTCCTACGTGATCTGAGTTCAGACCGGAGTAATCCAGGTCGGTTTCTATCTAC
TTCAAATTCCTCCCTGTACGAAAGGACAAGAGAAATAAGGCCTACTTCACAAAGCGCCTTCCCCCGTAAA
TGATATCATCTCAACTTAGTATTATACCCACACCCACCCAAGAACAGGGTTTGTTAAGATGGCAGAGCCC
GGTAATCGCATAAAACTTAAAACTTTACAGTCAGAGGTTCAATTCCTCTTCTTAACAACATACCCATGGC
CAACCTCCTACTCCTCATTGTACCCATTCTAATCGCAATGGCATTCCTAATGCTTACCGAACGAAAAATT
CTAGGCTATATACAACTACGCAAAGGCCCCAACGTTGTAGGCCCCTACGGGCTACTACAACCCTTCGCTG
ACGCTATAAAACTCTTCACCAAAGAGCCCCTAAAACCCGCCACATCTACCATCACCCTCTACATCACCGC
CCCGACCTTAGCTCTCACCATCGCTCTTCTACTATGAACCCCCCTCCCCATACCCAACCCCCTGGTCAAC
CTCAACCTAGGCCTCCTATTTATTCTAGCCACCTCTAGCCTAGCCGTTTACTCAATCCTCTGATCAGGGT
GAGCATCAAACTCAAACTACGCCCTGATCGGCGCACTGCGAGCAGTAGCCCAAACAATCTCATATGAAGT
CACCCTAGCCATCATTCTACTATCAACATTACTAATAAGTGGCTCCTTTAACCTCTCCACCCTTATCACA
ACACAAGAACACCTCTGATTACTCCTGCCATCATGACCCTTGGCCATAATATGATTTATCTCCACACTAG
CAGAGACCAACCGAACCCCCTTCGACCTTGCCGAAGGGGAGTCCGAACTAGTCTCAGGCTTCAACATCGA
ATACGCCGCAGGCCCCTTCGCCCTATTCTTCATAGCCGAATACACAAACATTATTATAATAAACACCCTC
ACCACTACAATCTTCCTAGGAACAACATATGACGCACTCTCCCCTGAACTCTACACAACATATTTTGTCA
CCAAGACCCTACTTCTAACTTCCCTGTTCTTATGAATTCGAACAGCATACCCCCGATTCCGCTACGACCA
ACTCATACACCTCCTATGAAAAAACTTCCTACCACTCACCCTAGCATTACTTATATGATATGTCTCCATA
CCCATTACAATCTCCAGCATTCCCCCTCAAACCTAAGAAATATGTCTGATAAAAGAGTTACTTTGATAGA
GTAAATAATAGGAGCTTAAACCCCCTTATTTCTAGGACTATGAGAATCGAACCCATCCCTGAGAATCCAA
AATTCTCCGTGCCACCTATCACACCCCATCCTAAAGTAAGGTCAGCTAAATAAGCTATCGGGCCCATACC
CCGAAAATGTTGGTTATACCCTTCCCGTACTAATTAATCCCCTGGCCCAACCCGTCATCTACTCTACCAT
CTTTGCAGGCACACTCATCACAGCGCTAAGCTCGCACTGATTTTTTACCTGAGTAGGCCTAGAAATAAAC
ATGCTAGCTTTTATTCCAGTTCTAACCAAAAAAATAAACCCTCGTTCCACAGAAGCTGCCATCAAGTATT
TCCTCACGCAAGCAACCGCATCCATAATCCTTCTAATAGCTATCCTCTTCAACAATATACTCTCCGGACA
ATGAACCATAACCAATACTACCAATCAATACTCATCATTAATAATCATAATGGCTATAGCAATAAAACTA
GGAATAGCCCCCTTTCACTTCTGAGTCCCAGAGGTTACCCAAGGCACCCCTCTGACATCCGGCCTGCTTC
TTCTCACATGACAAAAACTAGCCCCCATCTCAATCATATACCAAATCTCTCCCTCACTAAACGTAAGCCT
TCTCCTCACTCTCTCAATCTTATCCATCATAGCAGGCAGTTGAGGTGGATTAAACCAAACCCAGCTACGC
AAAATCTTAGCATACTCCTCAATTACCCACATAGGATGAATAATAGCAGTTCTACCGTACAACCCTAACA
TAACCATTCTTAATTTAACTATTTATATTATCCTAACTACTACCGCATTCCTACTACTCAACTTAAACTC
CAGCACCACGACCCTACTACTATCTCGCACCTGAAACAAGCTAACATGACTAACACCCTTAATTCCATCC
ACCCTCCTCTCCCTAGGAGGCCTGCCCCCGCTAACCGGCTTTTTGCCCAAATGGGCCATTATCGAAGAAT
TCACAAAAAACAATAGCCTCATCATCCCCACCATCATAGCCACCATCACCCTCCTTAACCTCTACTTCTA
CCTACGCCTAATCTACTCCACCTCAATCACACTACTCCCCATATCTAACAACGTAAAAATAAAATGACAG
TTTGAACATACAAAACCCACCCCATTCCTCCCCACACTCATCGCCCTTACCACGCTACTCCTACCTATCT
CCCCTTTTATACTAATAATCTTATAGAAATTTAGGTTAAATACAGACCAAGAGCCTTCAAAGCCCTCAGT
AAGTTGCAATACTTAATTTCTGTAACAGCTAAGGACTGCAAAACCCCACTCTGCATCAACTGAACGCAAA
TCAGCCACTTTAATTAAGCTAAGCCCTTACTAGACCAATGGGACTTAAACCCACAAACACTTAGTTAACA
GCTAAGCACCCTAATCAACTGGCTTCAATCTACTTCTCCCGCCGCCGGGAAAAAAGGCGGGAGAAGCCCC
GGCAGGTTTGAAGCTGCTTCTTCGAATTTGCAATTCAATATGAAAATCACCTCGGAGCTGGTAAAAAGAG
GCCTAACCCCTGTCTTTAGATTTACAGTCCAATGCTTCACTCAGCCATTTTACCTCACCCCCACTGATGT
TCGCCGACCGTTGACTATTCTCTACAAACCACAAAGACATTGGAACACTATACCTATTATTCGGCGCATG
AGCTGGAGTCCTAGGCACAGCTCTAAGCCTCCTTATTCGAGCCGAGCTGGGCCAGCCAGGCAACCTTCTA
GGTAACGACCACATCTACAACGTTATCGTCACAGCCCATGCATTTGTAATAATCTTCTTCATAGTAATAC
CCATCATAATCGGAGGCTTTGGCAACTGACTAGTTCCCCTAATAATCGGTGCCCCCGATATGGCGTTTCC
CCGCATAAACAACATAAGCTTCTGACTCTTACCTCCCTCTCTCCTACTCCTGCTCGCATCTGCTATAGTG
GAGGCCGGAGCAGGAACAGGTTGAACAGTCTACCCTCCCTTAGCAGGGAACTACTCCCACCCTGGAGCCT
CCGTAGACCTAACCATCTTCTCCTTACACCTAGCAGGTGTCTCCTCTATCTTAGGGGCCATCAATTTCAT
CACAACAATTATCAATATAAAACCCCCTGCCATAACCCAATACCAAACGCCCCTCTTCGTCTGATCCGTC
CTAATCACAGCAGTCCTACTTCTCCTATCTCTCCCAGTCCTAGCTGCTGGCATCACTATACTACTAACAG
ACCGCAACCTCAACACCACCTTCTTCGACCCCGCCGGAGGAGGAGACCCCATTCTATACCAACACCTATT
CTGATTTTTCGGTCACCCTGAAGTTTATATTCTTATCCTACCAGGCTTCGGAATAATCTCCCATATTGTA
ACTTACTACTCCGGAAAAAAAGAACCATTTGGATACATAGGTATGGTCTGAGCTATGATATCAATTGGCT
TCCTAGGGTTTATCGTGTGAGCACACCATATATTTACAGTAGGAATAGACGTAGACACACGAGCATATTT
CACCTCCGCTACCATAATCATCGCTATCCCCACCGGCGTCAAAGTATTTAGCTGACTCGCCACACTCCAC
GGAAGCAATATGAAATGATCTGCTGCAGTGCTCTGAGCCCTAGGATTCATCTTTCTTTTCACCGTAGGTG
GCCTGACTGGCATTGTATTAGCAAACTCATCACTAGACATCGTACTACACGACACGTACTACGTTGTAGC
CCACTTCCACTATGTCCTATCAATAGGAGCTGTATTTGCCATCATAGGAGGCTTCATTCACTGATTTCCC
CTATTCTCAGGCTACACCCTAGACCAAACCTACGCCAAAATCCATTTCACTATCATATTCATCGGCGTAA
ATCTAACTTTCTTCCCACAACACTTTCTCGGCCTATCCGGAATGCCCCGACGTTACTCGGACTACCCCGA
TGCATACACCACATGAAACATCCTATCATCTGTAGGCTCATTCATTTCTCTAACAGCAGTAATATTAATA
ATTTTCATGATTTGAGAAGCCTTCGCTTCGAAGCGAAAAGTCCTAATAGTAGAAGAACCCTCCATAAACC
TGGAGTGACTATATGGATGCCCCCCGCCCTACCACACATTCGAAGAACCCGTATACATAAAATCTAGACA
AAAAAGGAAGGAATCGAACCCCCCAAAGCTGGTTTCAAGCCAACCCCATGGCCTCCATGACTTTTTCAAA
AAGGTATTAGAAAAACCATTTCATAACTTTGTCAAAGTTAAATTATAGGCTAAATCCTATATATCTTAAT
GGCACATGCAGCGCAAGTAGGTCTACAAGACGCTACTTCCCCTATCATAGAAGAGCTTATCACCTTTCAT
GATCACGCCCTCATAATCATTTTCCTTATCTGCTTCCTAGTCCTGTATGCCCTTTTCCTAACACTCACAA
CAAAACTAACTAATACTAACATCTCAGACGCTCAGGAAATAGAAACCGTCTGAACTATCCTGCCCGCCAT
CATCCTAGTCCTCATCGCCCTCCCATCCCTACGCATCCTTTACATAACAGACGAGGTCAACGATCCCTCC
CTTACCATCAAATCAATTGGCCACCAATGGTACTGAACCTACGAGTACACCGACTACGGCGGACTAATCT
TCAACTCCTACATACTTCCCCCATTATTCCTAGAACCAGGCGACCTGCGACTCCTTGACGTTGACAATCG
AGTAGTACTCCCGATTGAAGCCCCCATTCGTATAATAATTACATCACAAGACGTCTTGCACTCATGAGCT
GTCCCCACATTAGGCTTAAAAACAGATGCAATTCCCGGACGTCTAAACCAAACCACTTTCACCGCTACAC
GACCGGGGGTATACTACGGTCAATGCTCTGAAATCTGTGGAGCAAACCACAGTTTCATGCCCATCGTCCT
AGAATTAATTCCCCTAAAAATCTTTGAAATAGGGCCCGTATTTACCCTATAGCACCCCCTCTACCCCCTC
TAGAGCCCACTGTAAAGCTAACTTAGCATTAACCTTTTAAGTTAAAGATTAAGAGAACCAACACCTCTTT
ACAGTGAAATGCCCCAACTAAATACTACCGTATGGCCCACCATAATTACCCCCATACTCCTTACACTATT
CCTCATCACCCAACTAAAAATATTAAACACAAACTACCACCTACCTCCCTCACCAAAGCCCATAAAAATA
AAAAATTATAACAAACCCTGAGAACCAAAATGAACGAAAATCTGTTCGCTTCATTCATTGCCCCCACAAT
CCTAGGCCTACCCGCCGCAGTACTGATCATTCTATTTCCCCCTCTATTGATCCCCACCTCCAAATATCTC
ATCAACAACCGACTAATCACCACCCAACAATGACTAATCAAACTAACCTCAAAACAAATGATAACCATAC
ACAACACTAAAGGACGAACCTGATCTCTTATACTAGTATCCTTAATCATTTTTATTGCCACAACTAACCT
CCTCGGACTCCTGCCTCACTCATTTACACCAACCACCCAACTATCTATAAACCTAGCCATGGCCATCCCC
TTATGAGCGGGCGCAGTGATTATAGGCTTTCGCTCTAAGATTAAAAATGCCCTAGCCCACTTCTTACCAC
AAGGCACACCTACACCCCTTATCCCCATACTAGTTATTATCGAAACCATCAGCCTACTCATTCAACCAAT
AGCCCTGGCCGTACGCCTAACCGCTAACATTACTGCAGGCCACCTACTCATGCACCTAATTGGAAGCGCC
ACCCTAGCAATATCAACCATTAACCTTCCCTCTACACTTATCATCTTCACAATTCTAATTCTACTGACTA
TCCTAGAAATCGCTGTCGCCTTAATCCAAGCCTACGTTTTCACACTTCTAGTAAGCCTCTACCTGCACGA
CAACACATAATGACCCACCAATCACATGCCTATCATATAGTAAAACCCAGCCCATGACCCCTAACAGGGG
CCCTCTCAGCCCTCCTAATGACCTCCGGCCTAGCCATGTGATTTCACTTCCACTCCATAACGCTCCTCAT
ACTAGGCCTACTAACCAACACACTAACCATATACCAATGATGGCGCGATGTAACACGAGAAAGCACATAC
CAAGGCCACCACACACCACCTGTCCAAAAAGGCCTTCGATACGGGATAATCCTATTTATTACCTCAGAAG
TTTTTTTCTTCGCAGGATTTTTCTGAGCCTTTTACCACTCCAGCCTAGCCCCTACCCCCCAATTAGGAGG
GCACTGGCCCCCAACAGGCATCACCCCGCTAAATCCCCTAGAAGTCCCACTCCTAAACACATCCGTATTA
CTCGCATCAGGAGTATCAATCACCTGAGCTCACCATAGTCTAATAGAAAACAACCGAAACCAAATAATTC
AAGCACTGCTTATTACAATTTTACTGGGTCTCTATTTTACCCTCCTACAAGCCTCAGAGTACTTCGAGTC
TCCCTTCACCATTTCCGACGGCATCTACGGCTCAACATTTTTTGTAGCCACAGGCTTCCACGGACTTCAC
GTCATTATTGGCTCAACTTTCCTCACTATCTGCTTCATCCGCCAACTAATATTTCACTTTACATCCAAAC
ATCACTTTGGCTTCGAAGCCGCCGCCTGATACTGGCATTTTGTAGATGTGGTTTGACTATTTCTGTATGT
CTCCATCTATTGATGAGGGTCTTACTCTTTTAGTATAAATAGTACCGTTAACTTCCAATTAACTAGTTTT
GACAACATTCAAAAAAGAGTAATAAACTTCGCCTTAATTTTAATAATCAACACCCTCCTAGCCTTACTAC
TAATAATTATTACATTTTGACTACCACAACTCAACGGCTACATAGAAAAATCCACCCCTTACGAGTGCGG
CTTCGACCCTATATCCCCCGCCCGCGTCCCTTTCTCCATAAAATTCTTCTTAGTAGCTATTACCTTCTTA
TTATTTGATCTAGAAATTGCCCTCCTTTTACCCCTACCATGAGCCCTACAAACAACTAACCTGCCACTAA
TAGTTATGTCATCCCTCTTATTAATCATCATCCTAGCCCTAAGTCTGGCCTATGAGTGACTACAAAAAGG
ATTAGACTGAACCGAATTGGTATATAGTTTAAACAAAACGAATGATTTCGACTCATTAAATTATGATAAT
CATATTTACCAAATGCCCCTCATTTACATAAATATTATACTAGCATTTACCATCTCACTTCTAGGAATAC
TAGTATATCGCTCACACCTCATATCCTCCCTACTATGCCTAGAAGGAATAATACTATCGCTGTTCATTAT
AGCTACTCTCATAACCCTCAACACCCACTCCCTCTTAGCCAATATTGTGCCTATTGCCATACTAGTCTTT
GCCGCCTGCGAAGCAGCGGTGGGCCTAGCCCTACTAGTCTCAATCTCCAACACATATGGCCTAGACTACG
TACATAACCTAAACCTACTCCAATGCTAAAACTAATCGTCCCAACAATTATATTACTACCACTGACATGA
CTTTCCAAAAAACACATAATTTGAATCAACACAACCACCCACAGCCTAATTATTAGCATCATCCCTCTAC
TATTTTTTAACCAAATCAACAACAACCTATTTAGCTGTTCCCCAACCTTTTCCTCCGACCCCCTAACAAC
CCCCCTCCTAATACTAACTACCTGACTCCTACCCCTCACAATCATGGCAAGCCAACGCCACTTATCCAGT
GAACCACTATCACGAAAAAAACTCTACCTCTCTATACTAATCTCCCTACAAATCTCCTTAATTATAACAT
TCACAGCCACAGAACTAATCATATTTTATATCTTCTTCGAAACCACACTTATCCCCACCTTGGCTATCAT
CACCCGATGAGGCAACCAGCCAGAACGCCTGAACGCAGGCACATACTTCCTATTCTACACCCTAGTAGGC
TCCCTTCCCCTACTCATCGCACTAATTTACACTCACAACACCCTAGGCTCACTAAACATTCTACTACTCA
CTCTCACTGCCCAAGAACTATCAAACTCCTGAGCCAACAACTTAATATGACTAGCTTACACAATAGCTTT
TATAGTAAAGATACCTCTTTACGGACTCCACTTATGACTCCCTAAAGCCCATGTCGAAGCCCCCATCGCT
GGATCAATAGTACTTGCCGCAGTACTCTTAAAACTAGGCGGCTATGGCATAATACGCCTCACACTCATTC
TCAACCCCCTGACAAAACACATAGCCTACCCCTTCCTTGTACTATCCCTATGAGGCATAATTATAACAAG
CTCCATCTGCCTACGACAAACAGACCTAAAATCGCTCATTGCATACTCTTCAATCAGCCACATAGCCCTC
GTAGTAACAGCCATTCTCATCCAAACCCCCTGAAGCTTCACCGGCGCAGTCATTCTCATAATCGCCCACG
GGCTTACATCCTCATTACTATTCTGCCTAGCAAACTCAAACTACGAACGCACTCACAGTCGCATCATAAT
CCTCTCTCAAGGACTTCAAACTCTACTCCCACTAATAGCTTTTTGATGACTTCTAGCAAGCCTCGCTAAC
CTCGCCTTACCCCCCACTATTAACCTACTGGGAGAACTCTCTGTGCTAGTAACCACGTTCTCCTGATCAA
ATATCACTCTCCTACTTACAGGACTCAACATACTAGTCACAGCCCTATACTCCCTCTACATATTTACCAC
AACACAATGGGGCTCACTCACCCACCACATTAACAACATAAAACCCTCATTCACACGAGAAAACACCCTC
ATGTTCATACACCTATCCCCCATTCTCCTCCTATCCCTCAACCCCGACATCATTACCGGGTTTTCCTCTT
GTAAATATAGTTTAACCAAAACATCAGATTGTGAATCTGACAACAGAGGCTTACGACCCCTTATTTACCG
AGAAAGCTCACAAGAACTGCTAACTCATGCCCCCATGTCTAACAACATGGCTTTCTCAACTTTTAAAGGA
TAACAGCTATCCATTGGTCTTAGGCCCCAAAAATTTTGGTGCAACTCCAAATAAAAGTAATAACCATGCA
CACTACTATAACCACCCTAACCCTGACTTCCCTAATTCCCCCCATCCTTACCACCCTCGTTAACCCTAAC
AAAAAAAACTCATACCCCCATTATGTAAAATCCATTGTCGCATCCACCTTTATTATCAGTCTCTTCCCCA
CAACAATATTCATGTGCCTAGACCAAGAAGTTATTATCTCGAACTGACACTGAGCCACAACCCAAACAAC
CCAGCTCTCCCTAAGCTTCAAACTAGACTACTTCTCCATAATATTCATCCCTGTAGCATTGTTCGTTACA
TGGTCCATCATAGAATTCTCACTGTGATATATAAACTCAGACCCAAACATTAATCAGTTCTTCAAATATC
TACTCATCTTCCTAATTACCATACTAATCTTAGTTACCGCTAACAACCTATTCCAACTGTTCATCGGCTG
AGAGGGCGTAGGAATTATATCCTTCTTGCTCATCAGTTGATGATACGCCCGAGCAGATGCCAACACAGCA
GCCATTCAAGCAATCCTATACAACCGTATCGGCGATATCGGTTTCATCCTCGCCTTAGCATGATTTATCC
TACACTCCAACTCATGAGACCCACAACAAATAGCCCTTCTAAACGCTAATCCAAGCCTCACCCCACTACT
AGGCCTCCTCCTAGCAGCAGCAGGCAAATCAGCCCAATTAGGTCTCCACCCCTGACTCCCCTCAGCCATA
GAAGGCCCCACCCCAGTCTCAGCCCTACTCCACTCAAGCACTATAGTTGTAGCAGGAATCTTCTTACTCA
TCCGCTTCCACCCCCTAGCAGAAAATAGCCCACTAATCCAAACTCTAACACTATGCTTAGGCGCTATCAC
CACTCTGTTCGCAGCAGTCTGCGCCCTTACACAAAATGACATCAAAAAAATCGTAGCCTTCTCCACTTCA
AGTCAACTAGGACTCATAATAGTTACAATCGGCATCAACCAACCACACCTAGCATTCCTGCACATCTGTA
CCCACGCCTTCTTCAAAGCCATACTATTTATGTGCTCCGGGTCCATCATCCACAACCTTAACAATGAACA
AGATATTCGAAAAATAGGAGGACTACTCAAAACCATACCTCTCACTTCAACCTCCCTCACCATTGGCAGC
CTAGCATTAGCAGGAATACCTTTCCTCACAGGTTTCTACTCCAAAGACCACATCATCGAAACCGCAAACA
TATCATACACAAACGCCTGAGCCCTATCTATTACTCTCATCGCTACCTCCCTGACAAGCGCCTATAGCAC
TCGAATAATTCTTCTCACCCTAACAGGTCAACCTCGCTTCCCCACCCTTACTAACATTAACGAAAATAAC
CCCACCCTACTAAACCCCATTAAACGCCTGGCAGCCGGAAGCCTATTCGCAGGATTTCTCATTACTAACA
ACATTTCCCCCGCATCCCCCTTCCAAACAACAATCCCCCTCTACCTAAAACTCACAGCCCTCGCTGTCAC
TTTCCTAGGACTTCTAACAGCCCTAGACCTCAACTACCTAACCAACAAACTTAAAATAAAATCCCCACTA
TGCACATTTTATTTCTCCAACATACTCGGATTCTACCCTAGCATCACACACCGCACAATCCCCTATCTAG
GCCTTCTTACGAGCCAAAACCTGCCCCTACTCCTCCTAGACCTAACCTGACTAGAAAAGCTATTACCTAA
AACAATTTCACAGCACCAAATCTCCACCTCCATCATCACCTCAACCCAAAAAGGCATAATTAAACTTTAC
TTCCTCTCTTTCTTCTTCCCACTCATCCTAACCCTACTCCTAATCACATAACCTATTCCCCCGAGCAATC
TCAATTACAATATATACACCAACAAACAATGTTCAACCAGTAACTACTACTAATCAACGCCCATAATCAT
ACAAAGCCCCCGCACCAATAGGATCCTCCCGAATCAACCCTGACCCCTCTCCTTCATAAATTATTCAGCT
TCCTACACTATTAAAGTTTACCACAACCACCACCCCATCATACTCTTTCACCCACAGCACCAATCCTACC
TCCATCGCTAACCCCACTAAAACACTCACCAAGACCTCAACCCCTGACCCCCATGCCTCAGGATACTCCT
CAATAGCCATCGCTGTAGTATATCCAAAGACAACCATCATTCCCCCTAAATAAATTAAAAAAACTATTAA
ACCCATATAACCTCCCCCAAAATTCAGAATAATAACACACCCGACCACACCGCTAACAATCAATACTAAA
CCCCCATAAATAGGAGAAGGCTTAGAAGAAAACCCCACAAACCCCATTACTAAACCCACACTCAACAGAA
ACAAAGCATACATCATTATTCTCGCACGGACTACAACCACGACCAATGATATGAAAAACCATCGTTGTAT
TTCAACTACAAGAACACCAATGACCCCAATACGCAAAACTAACCCCCTAATAAAATTAATTAACCACTCA
TTCATCGACCTCCCCACCCCATCCAACATCTCCGCATGATGAAACTTCGGCTCACTCCTTGGCGCCTGCC
TGATTCTCCAAATCACCACAGGACTATTCCTAGCCATGCACTACTCACCAGACGCCTCAACCGCCTTTTC
ATCAATCGCCCACATCACTCGAGACGTAAATTATGGCTGAATCATCCGCTACCTTCACGCCAATGGCGCC
TCAATATTCTTTATCTGCCTCTTCCTACACATCGGGCGAGGCCTATATTACGGATCATTTCTCTACTCAG
AAACCTGAAACATCGGCATTATCCTCCTGCTTGCAACTATAGCAACAGCCTTCATAGGCTATGTCCTCCC
GTGAGGCCAAATATCATTCTGAGGGGCCACAGTAATTACAAACTTACTATCCGCCATCCCATACATTGGG
ACAGACCTAGTTCAATGAATCTGAGGAGGCTACTCAGTAGACAGTCCCACCCTCACACGATTCTTTACCT
TTCACTTCATCTTGCCCTTCATTATTGCAGCCCTAGCAGCACTCCACCTCCTATTCTTGCACGAAACGGG
ATCAAACAACCCCCTAGGAATCACCTCCCATTCCGATAAAATCACCTTCCACCCTTACTACACAATCAAA
GACGCCCTCGGCTTACTTCTCTTCCTTCTCTCCTTAATGACATTAACACTATTCTCACCAGACCTCCTAG
GCGACCCAGACAATTATACCCTAGCCAACCCCTTAAACACCCCTCCCCACATCAAGCCCGAATGATATTT
CCTATTCGCCTACACAATTCTCCGATCCGTCCCTAACAAACTAGGAGGCGTCCTTGCCCTATTACTATCC
ATCCTCATCCTAGCAATAATCCCCATCCTCCATATATCCAAACAACAAAGCATAATATTTCGCCCACTAA
GCCAATCACTTTATTGACTCCTAGCCGCAGACCTCCTCATTCTAACCTGAATCGGAGGACAACCAGTAAG
CTACCCTTTTACCATCATTGGACAAGTAGCATCCGTACTATACTTCACAACAATCCTAATCCTAATACCA
ACTATCTCCCTAATTGAAAACAAAATACTCAAATGGGCCTGTCCTTGTAGTATAAACTAATACACCAGTC
TTGTAAACCGGAGATGAAAACCTTTTTCCAAGGACAAATCAGAGAAAAAGTCTTTAACTCCACCATTAGC
ACCCAAAGCTAAGATTCTAATTTAAACTATTCTCTGTTCTTTCATGGGGAAGCAGATTTGGGTACCACCC
AAGTATTGACTCACCCATCAACAACCGCTATGTAT
