>NODE_4_length_399_cov_1.18015_ID_2254724
TCATCCGAGTCCTCATCGCCCTCCCATCCCTACGCATCCTTTACATAACAGACGAGGTCA
ACGATCCCTCCCTTACCATCAAATCAATTGGTCACCAATGGGACTGAACCTACGAGTACA
CCGACTACGGCGGACTAATCTTCAACTCCTACATACCTCCCCCATTATTCCTAGAACCAG
GCGACCTGCGACTCCTTGACGTTGACAATCGAGTAGTACTCCCGATTGAAGCCCCCATTC
GTATAATAATTACATCACAAGACGTCTTGCACTCATGAGCTGTCCCCACATTAGGCTTAA
AAACAGATGCAATTCCCGGACGTCTAAACCACACCCCTTTCACCGCTCCACTACCGGGGG
TATCCTACGGTCAATGCTCTGAAATCTGTGGAGCAAACC
>NODE_5_length_394_cov_1.02996_ID_2279452
CACATTCCCACCCCCCACTGATGTTCGCCGACCGTTGACTATTCTCTACAAACCACAATG
ACATTGGAACACTATACCTATTATTCGGCGCATGGGCTGGAGGCCTAGGCACAGCTCTAA
GCCTCCTTATTCGAGCCGAGCTGGGCCAGCCAGGCAACCTTCTAGGTAACGACCACATCT
ACATCGTTATCGTCACAGCCCATGCATTTGTAATAATCTTCTTCATAGTAATACCCATCA
TAATCGGAGGCTCTGGCAACTGACTAGTTCCCCTAATAATCGGTGCCCCCGATATGGCGT
TTCCCCGCATAAACAACATAAGCTTCTGACCCTTACCCCCCTCTCGCCTACTCCTGCTCG
CATCTGCTATAGTGGAGGCCGGAGCAGGAACAGC
>NODE_7_length_387_cov_0.857692_ID_2254532
AGTACAATAATCTCAGCAGTCCTTCTTCTCCTATCTCTCCCAGTCCTAGCTGCTGGCATCACTATACTAC
CAACAGACCGCAACCTCAACACCCCCTTCTTCGACCCCGCCGGAGGAGGAGACCCCATTTTATACCAACG
CCTATTCTGATTTTGCGGTTACCCTGAAGTTTATATTCTTATCCTACCAGGCTTCGGAATAATCTCCCAG
ATTGTAACTTACTACTCCGGAAAAAAAGAACCATTTGGATACATAGGTATGGTCTGGGCTAGGATATCAA
TTGGCTTCCTGGGGTTTGTCGGGGGGGCGCGCCGTATGTTTACAGTAGGAATAGACGTAGACACACGAGC
ATATTTCACCTCCGCTACCATAATCATCGCTATCCCC
>NODE_8_length_384_cov_0.898833_ID_2241546
AAAACTTTATTTTCCCCCCTCCCTCCCACACTACTAATCTCATCAACACAACCCCCGCCC
ATCCTACCCATCACTCACACCGCTGCTAACCCCATACCCCGAACCAACCAAACCCCAAAG
ACACCCCCCACAGTTTATGTAGCTTCCCTCCTCAAAGCAATACACTGAAAATGTTTAGTC
GGGCTCACATCACCCCATAAACAAATAGGTTTGGTCCTAGCCTTTCTATTAGCTCTTAGT
AATATTACACATCCAAGCATCCCCGTTCCGGTGAGTTCACCCTCTAAATCTCCACGATCA
AAAGGGACAAGCTTCAAGCACGCAGCAATGCAGCTCAAAACGCTTAGCCTAGCCACCCCC
CCACGGGAAACAGCAGTGATTAAC
>NODE_6_length_391_cov_1.12879_ID_2271196
AATATAATGTGTGGGAAGATTTATAGGTAGAGGCGACAAACCTACCGAGCCTGGTGATAGCTGGTTGTCC
AAGATAAAATCTTAGTTCAACTTTAAATTTGCCCACAGAACCCTCTAAATCCCCTTGTAAATTTAACTGT
TAGTCCAAAGAGGAACAGCTCTTTGGACACTAGGAAAAAACCTTGTAGAGAGAGTAAAAAATTTAACACC
CATAGTAGGCCTAAAAGCAGCCACCAATTAAGAAAGCGTTCAAGCTCAACACCCTCTACCTAAAAAATCC
CAACCATATAACTGAACTCCTCACACCCAATTGGACCAATCTATCACCCTATAGAAGAACTAATGTTAGT
ATAAGTAACATGAAAACATTCTCCTCCGCATAAGCCTGCGT
>NODE_21_length_239_cov_41.0357_ID_2740104
TTTAACTATTTATATTATCCTAACTACTACCGCATTCCTACTACTCAACTTAAACTCCAGCACCACGACC
CTACTACTATCTCGCACCTGAAACAAGCTAACATGACTAACACCCTTGATTCCATCCTCCCTCCTCTCCC
TAGGAGGCCTGCCCCCGCTAACCGGCTTTTTGCCCAAATGGGCCATTATCGAAGAATTCACAAAAAACAA
TAGCCTCATCATCCCCACCATCATAGCCA
>NODE_22_length_239_cov_253.571_ID_2743630
TTTAACTATTTATATTATCCTAACTACTACCGCATTCCTACTACTCAACTTAAACTCCAGCACCACGACC
CTACTACTATCTCGCACCTGAAACAAGCTAACATGACTAACACCCTTGATTCCATCCACCCTCCTCTCCC
TAGGAGGCCTGCCCCCGCTAACCGGCTTTTTCCCCAATTGGGCCATGATCGAAGAATTCACAAAAAACAA
TAGCCTCATCATCCCCACCATCATAGCCA
>NODE_23_length_192_cov_47.4769_ID_2743008
AGATTAAAACACTGAACTAACAATTAACAGCCCAATATCTACAATCAACCAACAAGTCATTATTCCCCTC
ACTGTCACCCCAACACAGGCATGCTCATAAGGAAAGGTTAAAAAAAGTAAAAGGAACCCGGCAAATCTTC
CCCCGCCTGTTTACCAAAAACATCACCTCTAGCATCACCAGTATTAGAGGCA
>NODE_20_length_239_cov_54.3125_ID_2739696
TTTAACTATTTATATTATCCTAACTACTACCGCATTCCTACTACTCAACTTAAACTCCAG
CACCACGACCCTACTACTATCTCGCACCTGAAACAAGCTAACATGACTAACACCCTTGAT
TCCATCCACCCTCCTCTCCCTAGGAGGCCTGCCCCCGCTAACCGGCTTTTTGCCCAAATG
GGCCATTATCGAAGAATTCACAAAAAACAATAGCCTCATCATCCCCACCATCATAGCCA
>NODE_17_length_255_cov_140.938_ID_2744126
TAGAAAAATCCACCCCTTACGAGTGCGGCTTCGACCCTATATCCCCCGCCCGCGTCCCTTTCTCCATAAA
ATTCTTCTTAGTAGCTATTACCTTCTTATTATTTGATCTAGAAATTGCCCTCCTTTTACCCCTACCATGA
GCCCTACAAACAACTAACCTGCCACTAATAGTTATGTCATCCCTCTTATTAATCATCATCCTAGCCCTAA
GTCTGGCCTATGAGTGACTACAAAAAGGATTAGACTGAGCCGAAT
>NODE_25_length_190_cov_5009.67_ID_2744130
CCCTCACTGTCAACCCAACACAGGCATGCTCATAAGGAAAGGTTAAAAAAAGTAAAAGGAACTCGGCAAA
TCTTACCCCGCCTGTTTACCAAAAACATCACCTCTAGCATCACCAGTATTAGAGGCACCGCCTGCCCAGT
GACACATGTTTAACGGCCGCGGTACCCTAACCGTGCAAAGGTAGCATAAT
>NODE_27_length_180_cov_164.057_ID_2740176
CGAACTGACAATTAACAGCCCAATATCTACAATCAACCAACAAGTCATTATTACCCTCACTGTCAACCCA
ACACAGGCATGCTCATAAGGAAAGGTTAAAAAAAGTAAAAGGAACTCGGCAAATCTTCCCCCGCCTGTTT
ACCAAAAACATCACCTCTAGCATCACCAGTATTAGAGGCA
>NODE_26_length_180_cov_39.8679_ID_2695984
TGAACTGACAATTAACAGCCCAATATCTACAATCAACCAACAAGTCATTATTACCCTCACTGTCAACCCA
ACACAGGCATGCTCATAAGGAAAGGTTAAAAAAAGTAAAAGGAACTCGGCAAATCTTCCCCCGCCTGTTT
ACCAAAAACATCACCTCTAGCATCACCAGTATTAGAGGCA
>NODE_29_length_177_cov_46.72_ID_2744030
AATTATTACATTTTGACTACCACAACTCAACGGCTACATAGAAAAATCCCCCCCTTACGA
GTGCGGCTTCGACCCTATATCCCCCGCCCGCGTCCCTTTCTCCATAAAATTCTTCTTAGT
AGCTATTCCCTTCTTATTATTTGATCTAGAAATTGCCCTCCTTTTACCCCTACCAGG
>NODE_18_length_255_cov_100.297_ID_2743980
TTTTGACAACATTCAAAAAAGAGTAATAAACTTCGCCTTAATTTTAATAATCAACACCCTCCTAGCCTTA
CTACTAATAATTATTACATTTTGACTACCACAACTCAACGGCTACATAGAAAAATCCACCCCTTACGAGT
GCGGCTTCGACCCTATATCCCCCGCCCGCGTCCCTTTCTCCATAAAATTCTTCTTAGTAGCTATTACCTT
CTTATTATTTGATCTAGAAATTGCCCTCCTTTTACCCCTACCATG
>NODE_30_length_143_cov_263.875_ID_2689058
CCCTTGATTCCATCCCCCCTCCTCTCCCTAGGAGGCCTGCCCCCGCTAACCGGCTTTTTGCCCAAATGGG
CCATTATCGAAGAATTCACAAAAAACAATAGCCTCATCATCCCCACCATCATAGCCACCATCACCCTCCT
TAA
>NODE_32_length_139_cov_40.0833_ID_2743998
TAGAAAAATCCCCCCCTTACGAGTGCGGCTTCGACCCTATATCCCCCGCCCGCGTCCCTT
TCTCCATAAAATTCTTCTTAGTAGCTATTACCTTCTTATTATTTGATCTAGAAATTGCCC
TCCTTTTCTCCCTACTTTT
>NODE_31_length_143_cov_92.375_ID_2693782
ACATAACCATTCTTAATTTAACTATTTATATTATCCTAACTACTACCGCATTCCTACTACTCAACTTAAA
CTCCAGCACCACGACCCTACTACTATCTCGCACCTGAAACAAGCTAACATGACTAACCCCCTTGATTCCA
TCC
>NODE_34_length_131_cov_4914.25_ID_2733934
CGGCAAATCTTACCCCGCCTGTTTACCAAAAACATCACCTCTAGCATCACCAGTATTAGAGGCACCGCCT
GCCCAGTGACACATGTTTAACGGCCGCGGTACCCTAACCGTGCAAAGGTAGCATAATCACT
>NODE_33_length_135_cov_5101.12_ID_2733926
AAATCTTACCCCGCCTGTTTACCAAAAACATCACCTCTAGCATCACCAGTATTAGAGGCACCGCCTGCCC
AGTGACACATGTTTAACGGCCGCGGTACCCTAACCGTGCAAAGGTAGCATAATCACTTGTTCCTT
>NODE_28_length_180_cov_5145.3_ID_2742868
TGAACTGACAATTAACAGCCCAATATCTACAATCAACCAACAAGTCATTATTACCCTCACTGTCAACCCA
ACACAGGCATGCTCATAAGGAAAGGTTAAAAAAAGTAAAAGGAACTCGGCAAATCTTACCCCGCCTGTTT
ACCAAAAACATCACCTCTAGCATCACCAGTATTAGAGGCA
>NODE_16_length_255_cov_92.5156_ID_2743938
AATTATTACATTTTGACTACCACAACTCAACGGCTACATAGAAAAATCCACCCCTTACGA
GTGCGGCTTCGACCCTATATCCCCCGCCCGCGTCCCTTTCTCCATAAAATTCTTCTTAGT
AGCTATTACCTTCTTATTATTTGATCTAGAAATTGCCCTCCTTTTACCCCTACCATGAGC
CCTACAAACAACTAACCTGCCACTAATAGTTATGTCATCCCTCTTATTAATCATCATCCT
AGCCCTAAGTCTGGC
>NODE_9_length_382_cov_1.0902_ID_2275786
AAAAGACTACGAAAGTGGCTTTAACATATCTGAACCCACAATAGCTAAGCCCCAAACTGG
GATTAGATCCCCCACTATGCTTAGCCCTAACCCTCAACATTTAAATCACCAAACCTGCTC
GCCAGACCCCTACGAGCCACAGCTTAAAACTCAAAGGACCTGGCGGTGCTTCATATCCCT
CTAGAGGAGCCTGTTCTGTAATCGATAAACCCCGATCAACCTCACCACCTCTTGCTCAGC
CTATATTCCGCCATCTTCAGCAAACCCTGATTAAGGCTACAAAGTAAGCGCAAGTACCCA
CGTAAAGACGTTAGGTCAAGGTGTAGCCCATGAGGTGGCAAGAAATGGGCTACATTTTCT
ACCCGATTAAACTATTATACCA
>NODE_13_length_255_cov_67.9297_ID_2743922
TAAAACACTGAACTGACAATTAACAGCCCAATATCTACAATCAACCAACAAGTCATTATTACCCTCACTG
TCAACCCAACACAGGCATGCTCATAAGGAAAGGTTAAAAAAAGTAAAAGGAACTCGGCAAATCTTACCCC
GCCTGTTTACCAAAAACATCACCTCTAGCATCACCAGTATTAGAGGCACCGCCTGCCCAGTGACACATGT
TTAACGGCCGCGGTACCCTAACCGTGCAAAGGTAGCATAATCACT
>NODE_15_length_255_cov_178.594_ID_2739506
TATAGAAGAACTAATGTTAGTATAAGTAACATGAAAACATTCTCCTCCGCATAAGCCTGCGTCAGATTAA
AACACTGAACTGACAATTAACAGCCCAATATCTACAATCAACCAACAAGTCATTATTACCCTCACTGTCA
ACCCAACACAGGCATGCTCATAAGGAAAGGTTAAAAAAAGTAAAAGGAACTCGGCAAATCTTACCCCGCC
TGTTTACCAAAAACATCACCTCTAGCATCACCAGTATTAGAGGCA
>NODE_14_length_255_cov_54.2969_ID_2743474
AGATTAAAACACTGAACTGACAATTAACAGCCCAATATCTACAATCAACCAACAAGTCATTATTACCCTC
ACTGTCAACCCAACACAGGCATGCTCATAAGGAAAGGTTAAAAAAAGTAAAAGGAACTCGGCAAATCTTA
CCCCGCCTGTTTACCAAAAACATCACCTCTAGCATCACCAGTATTAGAGGCACCGCCTGCCCAGTGACAC
ATGTTTAACGGCCGCGGTACCCTAACCGTGCAAAGGTAGCATAAT
>NODE_12_length_271_cov_3887.33_ID_2743076
ACATAACCATTCTTAATTTAACTATTTATATTATCCTAACTACTACCGCATTCCTACTACTCAACTTAAA
CTCCAGCACCACGACCCTACTACTATCTCGCACCTGAAACAAGCTAACATGACTAACACCCTTGATTCCA
TCCACCCTCCTCTCCCTAGGAGGCCTGCCCCCGCTAACCGGCTTTTTGCCCAAATGGGCCATTATCGAAG
AATTCACAAAAAACAATAGCCTCATCATCCCCACCATCATAGCCACCATCACCCTCCTTAA
>NODE_19_length_247_cov_41.3333_ID_2743422
TGAACTGACAATTAACAGCCCAATATCTACAATCAACCAACAAGTCATTATTACCCTCACTGTCAACCCA
ACACAGGCATGCTCATAAGGAAAGGTTAAAAAAAGTAAAAGGAACTCGGCAAATCTTACCCCGCCTGTTT
ACCAAAAACATCACCTCTAGCATCACCAGTATTAGAGGCACCGCCTGCCCAGTGACACATGTTTAACGGC
CGCGGTACCCTAACCGTGCAAAGGTAGCATAATCACT
>NODE_11_length_330_cov_2805.93_ID_2732802
CATAGAAGAACTAATGTTAGTATAAGTAACATGAAAACATTCTCCTCCGCATAAGCCTGCGTCAGATTAA
AACACTGAACTGACAATTAACAGCCCAATATCTACAATCAACCAACAAGTCATTATTACCCTCACTGTCA
ACCCAACACAGGCATGCTCATAAGGAAAGGTTAAAAAAAGTAAAAGGAACTCGGCAAATCTTACCCCGCC
TGTTTACCAAAAACATCACCTCTAGCATCACCAGTATTAGAGGCACCGCCTGCCCAGTGACACATGTTTA
ACGGCCGCGGTACCCTAACCGTGCAAAGGTAGCATAATCACTTGTTCCTT
>NODE_24_length_190_cov_204.206_ID_2743978
CCCTCACTGTCAACCCAACACAGGCATGCTCATAAGGAAAGGTTAAAAAAAGAAAAAGGAACCCGGAAAA
TCTTCCCCCGCCTGTTTACCAAAAACATCACCTCTAGCATCACCAGTATTAGAGGCACCGCCTGCCCAGT
GACACATGTTTAACGGCCGCGGTACCCTAACCGTGCAAAGGTAGCATAAT
>NODE_10_length_371_cov_3597.13_ID_2743220
TTTTGACAACATTCAAAAAAGAGTAATAAACTTCGCCTTAATTTTAATAATCAACACCCTCCTAGCCTTA
CTACTAATAATTATTACATTTTGACTACCACAACTCAACGGCTACATAGAAAAATCCACCCCTTACGAGT
GCGGCTTCGACCCTATATCCCCCGCCCGCGTCCCTTTCTCCATAAAATTCTTCTTAGTAGCTATTACCTT
CTTATTATTTGATCTAGAAATTGCCCTCCTTTTACCCCTACCATGAGCCCTACAAACAACTAACCTGCCA
CTAATAGTTATGTCATCCCTCTTATTAATCATCATCCTAGCCCTAAGTCTGGCCTATGAGTGACTACAAA
AAGGATTAGACTGAGCCGAAT
>NODE_3_length_2703_cov_6245.38_ID_2744260
CCCCGCCTGTTTACCAAAAACATCACCTCTAGCATCACCAGTATTAGAGGCACCGCCTGCCCAGTGACAC
ATGTTTAACGGCCGCGGTACCCTAACCGTGCAAAGGTAGCATAATCACTTGTTCCTTAAATAGGGACCTG
TATGAATGGCTCCACGAGGGTTCAGCTGTCTCTTACTTTTAACCAGTGAAATTGACCTGCCCGTGAAGAG
GCGGGCATGACACAGCAAGACGAGAAGACCCTATGGAGCTTTAATTTATTAATGCAAACAGTACCTAACA
AACCCACAGGTCCTAAACTACCAAACCTGCATTAAAAATTTCGGTTGGGGCGACCTCGGAGCAGAACCCA
ACCTCCGAGCAGTACATGCTAAGACTTCACCAGTCAAAGCGAACTACTATACTCAATTGATCCAATAACT
TGACCAACGGAACAAGTTACCCTAGGGATAACAGCGCAATCCTATTCTAGAGTCCATATCAACAATAGGG
TTTACGACCTCGATGTTGGATCAGGACATCCCAATGGTGCAGCCGCTATTAAAGGTTCGTTTGTTCAACG
ATTAAAGTCCTACGTGATCTGAGTTCAGACCGGAGTAATCCAGGTCGGTTTCTATCTACTTCAAATTCCT
CCCTGTACGAAAGGACAAGAGAAATAAGGCCTACTTCACAAAGCGCCTTCCCCCGTAAATGATATCATCT
CAACTTAGTATTATACCCACACCCACCCAAGAACAGGGTTTGTTAAGATGGCAGAGCCCGGTAATCGCAT
AAAACTTAAAACTTTACAGTCAGAGGTTCAATTCCTCTTCTTAACAACATACCCATGGCCAACCTCCTAC
TCCTCATTGTACCCATTCTAATCGCAATGGCATTCCTAATGCTTACCGAACGAAAAATTCTAGGCTATAT
ACAACTACGCAAAGGCCCCAACGTTGTAGGCCCCTACGGGCTACTACAACCCTTCGCTGACGCCATAAAA
CTCTTCACCAAAGAGCCCCTAAAACCCGCCACATCTACCATCACCCTCTACATCACCGCCCCGACCTTAG
CTCTCACCATCGCTCTTCTACTATGAACCCCCCTCCCCATACCCAACCCCCTGGTCAACCTCAACCTAGG
CCTCCTATTTATTCTAGCCACCTCTAGCCTAGCCGTTTACTCAATCCTCTGATCAGGGTGAGCATCAAAC
TCAAACTACGCCCTGATCGGCGCACTGCGAGCAGTAGCCCAAACAATCTCATATGAAGTCACCCTAGCCA
TCATTCTACTATCAACATTACTAATAAGTGGCTCCTTTAACCTCTCCACCCTTATCACAACACAAGAACA
CCTCTGATTACTCCTGCCATCATGACCCTTGGCCATAATATGATTTATCTCCACACTAGCAGAGACCAAC
CGAACCCCCTTCGACCTTGCCGAAGGGGAGTCCGAACTAGTCTCAGGCTTCAACATCGAATACGCCGCAG
GCCCCTTCGCCCTATTCTTCATAGCCGAATACACAAACATTATTATAATAAACACCCTCACCACTACAAT
CTTCCTAGGAACAACATATGACGCACTCTCCCCTGAACTCTACACAACATATTTTGTCACCAAGACCCTA
CTTCTAACCTCCCTGTTCTTATGAATTCGAACAGCATACCCCCGATTCCGCTACGACCAACTCATACACC
TCCTATGAAAAAACTTCCTACCACTCACCCTAGCATTACTTATATGACATGTCTCCATACCCATTACAAT
CTCCAGCATTCCCCCTCAAACCTAAGAAATATGTCTGATAAAAGAGTTACTTTGATAGAGTAAATAATAG
GAGCTTAAACCCCCTTATTTCTAGGACTATGAGAATCGAACCCATCCCTGAGAATCCAAAATTCTCCGTG
CCACCTATCACACCCCATCCTAAAGTAAGGTCAGCTAAATAAGCTATCGGGCCCATACCCCGAAAATGTT
GGTTATACCCTTCCCGTACTAATTAATCCCCTGGCCCAACCCGTCATCTACTCTACCATCTTTGCAGGCA
CACTCATCACAGCGCTAAGCTCGCACTGATTTTTTACCTGAGTAGGCCTAGAAATAAACATGCTAGCTTT
TATTCCAGTTCTAACCAAAAAAATAAACCCTCGTTCCACAGAAGCTGCCATCAAGTATTTCCTCACGCAA
GCAACCGCATCCATAATCCTTCTAATAGCCATCCTCTTCAACAATATACTCTCCGGACAATGAACCATAA
CCAATACTACCAATCAATACTCATCATTAATAATCATAATGGCTATAGCAATAAAACTAGGAATAGCCCC
CTTTCACTTCTGAGTCCCAGAGGTTACCCAAGGCACCCCTCTGACATCCGGCCTGCTTCTTCTCACATGA
CAAAAACTAGCCCCCATCTCAATCATATACCAAATCTCTCCCTCACTAAACGTAAGCCTTCTCCTCACTC
TCTCAATCTTATCCATCATAGCAGGCAGTTGAGGTGGATTAAACCAAACCCAGCTACGCAAAATCTTAGC
ATACTCCTCAATTACCCACATAGGATGAATAATAGCAGTTCTACCGTACAACCCTAACATAACCATTCTT
AATTTAACTATTTATATTATCCTAACTACTACCGCATTCCTACTACTCAACTTAAACTCCAGCACCACGA
CCCTACTACTATCTCGCACCTGAAACAAGCTAACATGACTAAC
>NODE_2_length_4952_cov_5235.56_ID_2744262
CCCTCCTCTCCCTAGGAGGCCTGCCCCCGCTAACCGGCTTTTTGCCCAAATGGGCCATTATCGAAGAATT
CACAAAAAACAATAGCCTCATCATCCCCACCATCATAGCCACCATCACCCTCCTTAACCTCTACTTCTAC
CTACGCCTAATCTACTCCACCTCAATCACACTACTCCCCATATCTAACAACGTAAAAATAAAATGACAGT
TTGAACATACAAAACCCACCCCATTCCTCCCCACACTCATCGCCCTTACCACGCTACTCCTACCTATCTC
CCCTTTTATACTAATAATCTTATAGAAATTTAGGTTAAATACAGACCAAGAGCCTTCAAAGCCCTCAGTA
AGTTGCAATACTTAATTTCTGTAACAGCTAAGGACTGCAAAACCCCACTCTGCATCAACTGAACGCAAAT
CAGCCACTTTAATTAAGCTAAGCCCTTACTAGACCAATGGGACTTAAACCCACAAACACTTAGTTAACAG
CTAAGCACCCTAATCAACTGGCTTCAATCTACTTCTCCCGCCGCCGGGAAAAAAGGCGGGAGAAGCCCCG
GCAGGTTTGAAGCTGCTTCTTCGAATTTGCAATTCAATATGAAAATCACCTCGGAGCTGGTAAAAAGAGG
CCTAACCCCTGTCTTTAGATTTACAGTCCAATGCTTCACTCAGCCATTTTACCTCACCCCCACTGATGTT
CGCCGACCGTTGACTATTCTCTACAAACCACAAAGACATTGGAACACTATACCTATTATTCGGCGCATGG
GCTGGAGTCCTAGGCACAGCTCTAAGCCTCCTTATTCGAGCCGAGCTGGGCCAGCCAGGCAACCTTCTAG
GTAACGACCACATCTACAACGTTATCGTCACAGCCCATGCATTTGTAATAATCTTCTTCATAGTAATACC
CATCATAATCGGAGGCTTTGGCAACTGACTAGTTCCCCTAATAATCGGTGCCCCCGATATGGCGTTTCCC
CGCATAAACAACATAAGCTTCTGACTCTTACCTCCCTCTCTCCTACTCCTGCTCGCATCTGCTATAGTGG
AGGCCGGAGCAGGAACAGGTTGAACAGTCTACCCTCCCTTAGCAGGGAACTACTCCCACCCTGGAGCCTC
CGTAGACCTAACCATCTTCTCCTTACACCTAGCAGGTGTCTCCTCTATCTTAGGGGCCATCAATTTCATC
ACAACAATTATCAATATAAAACCCCCTGCCATAACCCAATACCAAACGCCCCTCTTCGTCTGATCCGTCC
TAATCACAGCAGTCCTACTTCTCCTATCTCTCCCAGTCCTAGCTGCTGGCATCACTATACTACTAACAGA
CCGCAACCTCAACACCACCTTCTTCGACCCCGCCGGAGGAGGAGACCCCATTCTATACCAACACCTATTC
TGATTTTTCGGTCACCCTGAAGTTTATATTCTTATCCTACCAGGCTTCGGAATAATCTCCCATATTGTAA
CTTACTACTCCGGAAAAAAAGAACCATTTGGATACATAGGTATGGTCTGAGCTATGATATCAATTGGCTT
CCTAGGGTTTATCGTGTGAGCACACCATATATTTACAGTAGGAATAGACGTAGACACACGAGCATATTTC
ACCTCCGCTACCATAATCATCGCTATCCCCACCGGCGTCAAAGTATTTAGCTGACTCGCCACACTCCACG
GAAGCAATATGAAATGATCTGCTGCAGTGCTCTGAGCCCTAGGATTCATCTTTCTTTTCACCGTAGGTGG
CCTGACTGGCATTGTATTAGCAAACTCATCACTAGACATCGTACTACACGACACGTACTACGTTGTAGCT
CACTTCCACTATGTCCTATCAATAGGAGCTGTATTTGCCATCATAGGAGGCTTCATTCACTGATTTCCCC
TATTCTCAGGCTACACCCTAGACCAAACCTACGCCAAAATCCATTTCACTATCATATTCATCGGCGTAAA
TCTAACTTTCTTCCCACAACACTTTCTCGGCCTATCCGGAATGCCCCGACGTTACTCGGACTACCCCGAT
GCATACACCACATGAAACATCCTATCATCTGTAGGCTCATTCATTTCTCTAACAGCAGTAATATTAATAA
TTTTCATGATTTGAGAAGCCTTCGCTTCGAAACGAAAAGTCCTAATAGTAGAAGAACCCTCCATAAACCT
GGAGTGACTATATGGATGCCCCCCACCCTACCACACATTCGAAGAACCCGTATACATAAAATCTAGACAA
AAAAGGAAGGAATCGAACCCCCCAAAGCTGGTTTCAAGCCAACCCCATGGCCTCCATGACTTTTTCAAAA
AGGTATTAGAAAAACCATTTCATAACTTTGTCAAAGTTAAATTATAGGCTAAATCCTATATATCTTAATG
GCACATGCAGCGCAAGTAGGTCTACAAGACGCTACTTCCCCTATCATAGAAGAGCTTATCACCTTTCATG
ATCACGCCCTCATAATCATTTTCCTTATCTGCTTCCTAGTCCTGTATGCCCTTTTCCTAACACTCACAAC
AAAACTAACTAATACTAACATCTCAGACGCTCAGGAAATAGAAACCGTCTGAACTATCCTGCCCGCCATC
ATCCTAGTCCTCATCGCCCTCCCATCCCTACGCATCCTTTACATAACAGACGAGGTCAACGATCCCTCCC
TTACCATCAAATCAATTGGTCACCAATGGTACTGAACCTACGAGTACACCGACTACGGCGGACTAATCTT
CAACTCCTACATACTTCCCCCATTATTCCTAGAACCAGGCGACCTGCGACTCCTTGACGTTGACAATCGA
GTAGTACTCCCGATTGAAGCCCCCATTCGTATAATAATTACATCACAAGACGTCTTGCACTCATGAGCTG
TCCCCACATTAGGCTTAAAAACAGATGCAATTCCCGGACGTCTAAACCAAACCACTTTCACCGCTACACG
ACCGGGGGTATACTACGGTCAATGCTCTGAAATCTGTGGAGCAAACCACAGTTTCATGCCCATCGTCCTA
GAATTAATTCCCCTAAAAATCTTTGAAATAGGGCCCGTATTTACCCTATAGCACCCCCTCTACCCCCTCT
AGAGCCCACTGTAAAGCTAACTTAGCATTAACCTTTTAAGTTAAAGATTAAGAGAACCAACACCTCTTTA
CAGTGAAATGCCCCAACTAAATACTACCGTATGGCCCACCATAATTACCCCCATACTCCTTACACTATTC
CTCATCACCCAACTAAAAATATTAAACACAAACTACCACCTACCTCCCTCACCAAAGCCCATAAAAATAA
AAAATTATAACAAACCCTGAGAACCAAAATGAACGAAAATCTGTTCGCTTCATTCATTGCCCCCACAATC
CTAGGCCTACCCGCCGCAGTACTGATCATTCTATTTCCCCCTCTATTGATCCCCACCTCCAAATATCTCA
TCAACAACCGACTAATCACCACCCAACAATGACTAATCAAACTAACCTCAAAACAAATGATAACCATACA
CAACACTAAAGGACGAACCTGATCTCTTATACTAGTATCCTTAATCATTTTTATTGCCACAACTAACCTC
CTCGGACTCCTGCCTCACTCATTTACACCAACCACCCAACTATCTATAAACCTAGCCATGGCCATCCCCT
TATGAGCGGGCGCAGTGATTATAGGCTTTCGCTCTAAGATTAAAAATGCCCTAGCCCACTTCTTACCACA
AGGCACACCTACACCCCTTATCCCCATACTAGTTATTATCGAAACCATCAGCCTACTCATTCAACCAATA
GCCCTGGCCGTACGCCTAACCGCTAACATTACTGCAGGCCACCTACTCATGCACCTAATTGGAAGCGCCA
CCCTAGCAATATCAACCATTAACCTTCCCTCTACACTTATCATCTTCACAATTCTAATTCTACTGACTAT
CCTAGAAATCGCTGTCGCCTTAATCCAAGCCTACGTTTTCACACTTCTAGTAAGCCTCTACCTGCACGAC
AACACATAATGACCCACCAATCACATGCCTATCATATAGTAAAACCCAGCCCATGACCCCTAACAGGGGC
CCTCTCAGCCCTCCTAATGACCTCCGGCCTAGCCATGTGATTTCACTTCCACTCCATAACGCTCCTCATA
CTAGGCCTACTAACCAACACACTAACCATATACCAATGATGGCGCGATGTAACACGAGAAAGCACATACC
AAGGCCACCACACACCACCTGTCCAAAAAGGCCTTCGATACGGGATAATCCTATTTATTACCTCAGAAGT
TTTTTTCTTCGCAGGATTTTTCTGAGCCTTTTACCACTCCAGCCTAGCCCCTACCCCCCAATTAGGAGGG
CACTGGCCCCCAACAGGCATCACCCCGCTAAATCCCCTAGAAGTCCCACTCCTAAACACATCCGTATTAC
TCGCATCAGGAGTATCAATCACCTGAGCTCACCATAGTCTAATAGAAAACAACCGAAACCAAATAATTCA
AGCACTGCTTATTACAATTTTACTGGGTCTCTATTTTACCCTCCTACAAGCCTCAGAGTACTTCGAGTCT
CCCTTCACCATTTCCGACGGCATCTACGGCTCAACATTTTTTGTAGCCACAGGCTTCCACGGACTTCACG
TCATTATTGGCTCAACTTTCCTCACTATCTGCTTCATCCGCCAACTAATATTTCACTTTACATCCAAACA
TCACTTTGGCTTCGAAGCCGCCGCCTGATACTGGCATTTTGTAGATGTGGTTTGACTATTTCTGTATGTC
TCCATCTATTGATGAGGGTCTTACTCTTTTAGTATAAATAGTACCGTTAACTTCCAATTAACTAGTTTTG
ACAACATTCAAAAAAGAGTAATAAACTTCGCCTTAATTTTAATAATCAACACCCTCCTAGCCTTACTACT
AATAATTATTACATTTTGACTACCACAACTCAACGGCTACATAGAAAAATCC
>NODE_1_length_8703_cov_6133.42_ID_2744146
CCCCTACCATGAGCCCTACAAACAACTAACCTGCCACTAATAGTTATGTCATCCCTCTTA
TTAATCATCATCCTAGCCCTAAGTCTGGCCTATGAGTGACTACAAAAAGGATTAGACTGA
GCCGAATTGGTATATAGTTTAAACAAAACGAATGATTTCGACTCATTAAATTATGATAAT
CATATTTACCAAATGCCCCTCATTTACATAAATATTATACTAGCATTTACCATCTCACTT
CTAGGAATACTAGTATATCGCTCACACCTCATATCCTCCCTACTATGCCTAGAAGGAATA
ATACTATCGCTGTTCATTATAGCTACTCTCATAACCCTCAACACCCACTCCCTCTTAGCC
AATATTGTGCCTATTGCCATACTAGTCTTTGCCGCCTGCGAAGCAGCGGTGGGCCTAGCC
CTACTAGTCTCAATCTCCAACACATATGGCCTAGACTACGTACATAACCTAAACCTACTC
CAATGCTAAAACTAATCGTCCCAACAATTATATTACTACCACTGACATGACTTTCCAAAA
AACACATAATTTGAATCAACACAACCACCCACAGCCTAATTATTAGCATCATCCCTCTAC
TATTTTTTAACCAAATCAACAACAACCTATTTAGCTGTTCCCCAACCTTTTCCTCCGACC
CCCTAACAACCCCCCTCCTAATACTAACTACCTGACTCCTACCCCTCACAATCATGGCAA
GCCAACGCCACTTATCCAGTGAACCACTATCACGAAAAAAACTCTACCTCTCTATACTAA
TCTCCCTACAAATCTCCTTAATTATAACATTCACAGCCACAGAACTAATCATATTTTATA
TCTTCTTCGAAACCACACTTATCCCCACCTTGGCTATCATCACCCGATGAGGCAACCAGC
CAGAACGCCTGAACGCAGGCACATACTTCCTATTCTACACCCTAGTAGGCTCCCTTCCCC
TACTCATCGCACTGATTTACACTCACAACACCCTAGGCTCACTAAACATTCTACTACTCA
CTCTCACTGCCCAAGAACTATCAAACTCCTGAGCCAACAACTTAATATGACTAGCTTACA
CAATAGCTTTTATAGTAAAGATACCTCTTTACGGACTCCACTTATGACTCCCTAAAGCCC
ATGTCGAAGCCCCCATCGCTGGGTCAATAGTACTTGCCGCAGTACTCTTAAAACTAGGCG
GCTATGGTATAATACGCCTCACACTCATTCTCAACCCCCTGACAAAACACATAGCCTACC
CCTTCCTTGTACTATCCCTATGAGGCATAATTATAACAAGCTCCATCTGCCTACGACAAA
CAGACCTAAAATCGCTCATTGCATACTCTTCAATCAGCCACATAGCCCTCGTAGTAACAG
CCATTCTCATCCAAACCCCCTGAAGCTTCACCGGCGCAGTCATTCTCATAATCGCCCACG
GACTTACATCCTCATTACTATTCTGCCTAGCAAACTCAAACTACGAACGCACTCACAGTC
GCATCATAATCCTCTCTCAAGGACTTCAAACTCTACTCCCACTAATAGCTTTTTGATGAC
TTCTAGCAAGCCTCGCTAACCTCGCCTTACCCCCCACTATTAACCTACTGGGAGAACTCT
CTGTGCTAGTAACCACGTTCTCCTGATCAAATATCACTCTCCTACTTACAGGACTCAACA
TACTAGTCACAGCCCTATACTCCCTCTACATATTTACCACAACACAATGGGGCTCACTCA
CCCACCACATTAACAACATAAAACCCTCATTCACACGAGAAAACACCCTCATGTTCATAC
ACCTATCCCCCATTCTCCTCCTATCCCTCAACCCCGACATCATTACCGGGTTTTCCTCTT
GTAAATATAGTTTAACCAAAACATCAGATTGTGAATCTGACAACAGAGGCTTACGACCCC
TTATTTACCGAGAAAGCTCACAAGAACTGCTAACTCATGCCCCCATGTCTAACAACATGG
CTTTCTCAACTTTTAAAGGATAACAGCTATCCATTGGTCTTAGGCCCCAAAAATTTTGGT
GCAACTCCAAATAAAAGTAATAACCATGCACACTACTATAACCACCCTAACCCTGACTTC
CCTAATTCCCCCCATCCTTACCACCCTCGTTAACCCTAACAAAAAAAACTCATACCCCCA
TTATGTAAAATCCATTGTCGCATCCACCTTTATTATCAGTCTCTTCCCCACAACAATATT
CATGTGCCTAGACCAAGAAGTTATTATCTCGAACTGACACTGAGCCACAACCCAAACAAC
CCAGCTCTCCCTAAGCTTCAAACTAGACTACTTCTCCATAATATTCATCCCTGTGGCATT
GTTCGTTACATGGTCCATCATAGAATTCTCACTGTGATATATAAACTCAGACCCAAACAT
TAATCAGTTCTTCAAATATCTACTCATCTTCCTAATTACCATACTAATCTTAGTTACCGC
TAACAACCTATTCCAACTGTTCATCGGCTGAGAGGGCGTAGGAATTATATCCTTCTTGCT
CATCAGTTGATGATACGCCCGAGCAGATGCCAACACAGCAGCCATTCAAGCAATCCTATA
CAACCGTATCGGCGATATCGGTTTCATCCTCGCCTTAGCATGATTTATCCTACACTCCAA
CTCATGAGACCCACAACAAATAGCCCTTCTAAACGCTAATCCAAGCCTCACCCCACTACT
AGGCCTCCTCCTAGCAGCAGCAGGCAAATCAGCCCAATTAGGTCTCCACCCCTGACTCCC
CTCAGCCATAGAAGGCCCCACCCCAGTCTCAGCCCTACTCCACTCAAGCACTATAGTTGT
AGCAGGAATCTTCTTACTCATCCGCTTCCACCCCCTAGCAGAAAATAGCCCACTAATCCA
AACTCTAACACTATGCTTAGGCGCTATCACCACTCTGTTCGCAGCAGTCTGCGCCCTTAC
ACAAAATGACATCAAAAAAATCGTAGCCTTCTCCACTTCAAGTCAACTAGGACTCATAAT
AGTTACAATCGGCATCAACCAACCACACCTAGCATTCCTGCACATCTGTACCCACGCCTT
CTTCAAAGCCATACTATTTATGTGCTCCGGGTCCATCATCCACAACCTTAACAATGAACA
AGATATTCGAAAAATAGGAGGACTACTCAAAACCATGCCTCTCACTTCAACCTCCCTCAC
CATTGGCAGCCTAGCATTAGCAGGAATACCTTTCCTCACAGGTTTCTACTCCAAAGACCA
CATCATCGAAACCGCAAACATATCATACACAAACGCCTGAGCCCTATCTATTACTCTCAT
CGCTACCTCCCTGACAAGCGCCTATAGCACTCGAATAATTCTTCTCACCCTAACAGGTCA
ACCTCGCTTCCCCACCCTTACTAACATTAACGAAAATAACCCCACCCTACTAAACCCCAT
TAAACGCCTGACAGCCGGAAGCCTATTCGCAGGATTTCTCATTACTAACAACATTTCCCC
CGCATCCCCCTTCCAAACAACAATCCCCCTCTACCTAAAACTCACAGCCCTCGCTGTCAC
TTTCCTAGGACTTCTAACAGCCCTAGACCTCAACTACCTAACCAACAAACTTAAAATAAA
ATCCCCACTATGCACATTTTATTTCTCCAACATACTCGGATTCTACCCTAGCATCACACA
CCGCACAATCCCCTATCTAGGCCTTCTTACGAGCCAAAACCTGCCCCTACTCCTCCTAGA
CCTAACCTGACTAGAAAAGCTATTACCTAAAACAATTTCACAGCACCAAATCTCCACCTC
CATCATCACCTCAACCCAAAAAGGCATAATTAAACTTTACTTCCTCTCTTTCTTCTTCCC
ACTCATCCTAACCCTACTCCTAATCACATAACCTATTCCCCCGAGCAATCTCAATTACAA
TATATACACCAACAAACAATGTTCAACCAGTAACTACTACTAATCAACGCCCATAATCAT
ACAAAGCCCCCGCACCAATAGGATCCTCCCGAATCAACCCTGACCCCTCTCCTTCATAAA
TTATTCAGCTTCCTACACTATTAAAGTTTACCACAACCACCACCCCATCATACTCTTTCA
CCCACAGCACCAATCCTACCTCCATCGCTAACCCCACTAAAACACTCACCAAGACCTCAA
CCCCTGACCCCCATGCCTCAGGATACTCCTCAATAGCCATCGCTGTAGTATATCCAAAGA
CAACCATCATTCCCCCTAAATAAATTAAAAAAACTATTAAACCCATATAACCTCCCCCAA
AATTCAGAATAATAACACACCCGACCACACCGCTAACAATCAATACTAAACCCCCATAAA
TAGGAGAAGGCTTAGAAGAAAACCCCACAAACCCCATTACTAAACCCACACTCAACAGAA
ACAAAGCATACATCATTATTCTCGCACGGACTACAACCACGACCAATGATATGAAAAACC
ATCGTTGTATTTCAACTACAAGAACACCAATGACCCCAATACGCAAAATTAACCCCCTAA
TAAAATTAATTAACCACTCACTCATCGACCTCCCCACCCCATCCAACATCTCCGCATGAT
GAAACTTCGGCTCACTCCTTGGCGCCTGCCTGATCCTCCAAATCACCACAGGACTATTCC
TAGCCATGCACTACTCACCAGACGCCTCAACCGCCTTTTCATCAATCGCCCACATCACTC
GAGACGTAAATTATGGCTGAATCATCCGCTACCTTCACGCCAATGGCGCCTCAATATTCT
TTATCTGCCTCTTCCTACACATCGGGCGAGGCCTATATTACGGATCATTTCTCTACTCAG
AAACCTGAAACATCGGCATTATCCTCCTGCTTGCAACTATAGCAACAGCCTTCATAGGCT
ATGTCCTCCCGTGAGGCCAAATATCATTCTGAGGGGCCACAGTAATTACAAACTTACTAT
CCGCCATCCCATACATTGGGACAGACCTAGTTCAATGAATCTGAGGAGGCTACTCAGTAG
ACAGTCCCACCCTCACACGATTCTTTACCTTTCACTTCATCTTGCCCTTCATTATTGCAG
CCCTAGCAGCACTCCACCTCCTATTCTTGCACGAAACGGGATCAAACAACCCCCTAGGAA
TCACCTCCCATTCCGATAAAATCACCTTCCACCCTTACTACACAATCAAAGACGCCCTCG
GCTTACTTCTCTTCATTCTCTCCTTAATGACATTAACACTATTCTCACCAGACCTCCTAG
GCGACCCAGACAATTATACCCTAGCCAACCCCTTAAACACCCCTCCCCACATCAAGCCCG
AATGATATTTCCTATTCGCCTACACAATTCTCCGATCCGTCCCTAACAAACTAGGAGGCG
TCCTTGCCCTATTACTATCCATCCTCATCCTAGCAATAATCCCCATCCTCCATATATCCA
AACAACAAAGCATAATATTTCGCCCACTAAGCCAATCACTTTATTGACTCCTAGCCGCAG
ACCTCCTCATTCTAACCTGAATCGGAGGACAACCAGTAAGCTACCCTTTTACCATCATTG
GACAAGTAGCATCCGTACTATACTTCACAACAATCCTAATCCTAATACCAACTATCTCCC
TAATTGAAAACAAAATACTCAAATGGGCCTGTCCTTGTAGTATAAACTAATACACCAGTC
TTGTAAACCGGAGATGAAAACCTTTTTCCAAGGACAAATCAGAGAAAAAGTCTTTAACTC
CACCATTAGCACCCAAAGCTAAGATTCTAATTTAAACTATTCTCTGTTCTTTCATGGGGA
AGCAGATTTGGGTACCACCCAAGTATTGACTTACCCATCAACAACCGCTATGTATTTCGT
ACATTACTGCCAGCCACCATGAATATTGCACGGTACCATAAATACTTGACCACCTGTAGT
ACATAAAAACCCAATCCACATCAAAACCCCCTCCCCATGCTTACAAGCAAGTACAGCAAT
CAACCCTCAACTATCACACATCAACTGCAACTCCAAAGCCACCCCTCACCCACTAGGATA
CCAACAAACCTACCCACCCTTAACAGTACATAGTACATAAAGCCATTTACCGTACATAGC
ACATTACAGTCAAATCCCTTCTCGTCCCCATGGATGACCCCCCTCAGATAGGGGTCCCTT
GACCACCATCCTCCGTGAAATCAATATCCCGCACAAGAGTGCTACTCTCCTCGCTCCGGG
CCCATAACACTTGGGGGTAGCTAAAGTGAACTGTATCCGACATCTGGTTCCTACTTCAGG
GTCATAAAGCCTAAATAGCCCACACGTTCCCCTTAAATAAGACATCACGATGGATCACAG
GTCTATCACCCTATTAACCACTCACGGGAGCTCTCCATGCATTTGGTATTTTCGTCTGGG
GGGTGTGCACGCGATAGCATTGCGAGACGCTGGAGCCGGAGCACCCTATGTCGCAGTATC
TGTCTTTGATTCCTGCCTCATCCTATTATTTATCGCACCTACGTTCAATATTACAGACGA
ACATACTTACTAAAGTGTGTTAATTAATTAATGCTTGTAAGACATAATAATAACAATTGA
ATGTCTGCACAGCCGCTTTCCACACAGACATCATAACAAAAAATTTTCACCAAACCCCCC
CCTCCCCCCGCTTCTGGCCACAGCACTTAAACACATCTCTGCCAAACCCCAAAAACAAAG
AACCCTAACACCAGCCTAACCAGATTTCAAATTTTATCTTTTGGCGGTATGCACTTTTAA
CAGTCACCCCCCAACTAACACATTATTTTCCCCTCTCACTCCCATACTACTAATCTCATC
AACACAACCCCCGCCCATCCTACCCAGCACACACACCGCTGCTAACCCCATACCCCGAAC
CAACCAAACCCCAAAGACACCCCCCACAGTTTATGTAGCTTACCTCCTCAAAGCAATACA
CTGAAAATGTTTAGACGGGCTCACATCACCCCATAAACAAATAGGTTTGGTCCTAGCCTT
TCTATTAGCTCTTAGTAAGATTACACATGCAAGCATCCCCGTTCCAGTGAGTTCACCCTC
TAAATCACCACGATCAAAAGGGACAAGCATCAAGCACGCAGCAATGCAGCTCAAAACGCT
TAGCCTAGCCACACCCCCACGGGAAACAGCAGTGATTAACCTTTAGCAATAAACGAAAGT
TTAACTAAGCTATACTAACCCCAGGGTTGGTCAATTTCGTGCCAGCCACCGCGGTCACAC
GATTAACCCAAGTCAATAGAAGCCGGCGTAAAGAGTGTTTTAGATCACCCCCTCCCCAAT
AAAGCTAAAACTCACCTGAGTTGTAAAAAACTCCAGTTGACACAAAATAGACTACGAAAG
TGGCTTTAACATATCTGAACACACAATAGCTAAGACCCAAACTGGGATTAGATACCCCAC
TATGCTTAGCCCTAAACCTCAACAGTTAAATCAACAAAACTGCTCGCCAGAACACTACGA
GCCACAGCTTAAAACTCAAAGGACCTGGCGGTGCTTCATATCCCTCTAGAGGAGCCTGTT
CTGTAATCGATAAACCCCGATCAACCTCACCACCTCTTGCTCAGCCTATATACCGCCATC
TTCAGCAAACCCTGATGAAGGCTACAAAGTAAGCGCAAGTACCCACGTAAAGACGTTAGG
TCAAGGTGTAGCCCATGAGGTGGCAAGAAATGGGCTACATTTTCTACCCCAGAAAACTAC
GATAGCCCTTATGAAACTTAAGGGTCGAAGGTGGATTTAGCAGTAAACTGAGAGTAGAGT
GCTTAGTTGAACAGGGCCCTGAAGCGCGTACACACCGCCCGTCACCCTCCTCAAGTATAC
TTCAAAGGACATTTAACTAAAACCCCTACGCATTTATATAGAGGAGACAAGTCGTAACAT
GGTAAGTGTACTGGAAAGTGCACTTGGACGAACCAGAGTGTAGCTTAACACAAAGCACCC
AACTTACACTTAGGAGATTTCAACTTAACTTGACCGCTCTGAGCTAAACCTAGCCCCAAA
CCCACTCCACCTTACTACCAGACAACCTTAGCCAAACCATTTACCCAAATAAAGTATAGG
CGATAGAAATTGAAACCTGGCGCAATAGATATAGTACCGCAAGGGAAAGATGAAAAATTA
TAACCAAGCATAATATAGCAAGGACTAACCCCTATACCTTCTGCATAATGAATTAACTAG
AAATAACTTTGCAAGGAGAGCCAAAGCTAAGACCCCCGAAACCAGACGAGCTACCTAAGA
ACAGCTAAAAGAGCACACCCGTCTATGTAGCAAAATAGTGGGAAGATTTATAGGTAGAGG
CGACAAACCTACCGAGCCTGGTGATAGCTGGTTGTCCAAGATAGAATCTTAGTTCAACTT
TAAATTTGCCCACAGAACCCTCTAAATCCCCTTGTAAATTTAACTGTTAGTCCAAAGAGG
AACAGCTCTTTGGACACTAGGAAAAAACCTTGTAGAGAGAGTAAAAAATTTAACACCCAT
AGTAGGCCTAAAAGCAGCCACCAATTAAGAAAGCGTTCAAGCTCAACACCCACTACCTAA
AAAATCCCAAACATATAACTGAACTCCTCACACCCAATTGGACCAATCTATCACCCTATA
GAAGAACTAATGTTAGTATAAGTAACATGAAAACATTCTCCTCCGCATAAGCCTGCGTCA
GATTAAAACACTGAACTGACAATTAACAGCCCAATATCTACAATCAACCAACAAGTCATT
ATT
